Archive member included to satisfy reference by file (symbol)

libFreeRTOS.a(tasks.c.obj)    CMakeFiles/blink.dir/src/main.c.obj (xTaskCreate)
libFreeRTOS.a(timers.c.obj)   libFreeRTOS.a(tasks.c.obj) (xTimerCreateTimerTask)
libFreeRTOS.a(port.c.obj)     libFreeRTOS.a(tasks.c.obj) (pxPortInitialiseStack)
libFreeRTOS.a(heap_4.c.obj)   libFreeRTOS.a(tasks.c.obj) (pvPortMalloc)
libFreeRTOS.a(list.c.obj)     libFreeRTOS.a(tasks.c.obj) (vListInitialise)
libFreeRTOS.a(queue.c.obj)    libFreeRTOS.a(timers.c.obj) (xQueueGenericCreate)
/usr/lib/gcc/arm-none-eabi/9.2.1/thumb/v6-m/nofp/libgcc.a(_dvmd_tls.o)
                              CMakeFiles/blink.dir/home/baydev/Desktop/xx/pico/pico-sdk/src/rp2_common/pico_divider/divider.S.obj (__aeabi_idiv0)
/usr/lib/gcc/arm-none-eabi/9.2.1/../../../arm-none-eabi/lib/thumb/v6-m/nofp/libg.a(lib_a-atexit.o)
                              /usr/lib/gcc/arm-none-eabi/9.2.1/../../../arm-none-eabi/lib/thumb/v6-m/nofp/crt0.o (atexit)
/usr/lib/gcc/arm-none-eabi/9.2.1/../../../arm-none-eabi/lib/thumb/v6-m/nofp/libg.a(lib_a-calloc.o)
                              CMakeFiles/blink.dir/home/baydev/Desktop/xx/pico/pico-sdk/src/rp2_common/pico_malloc/pico_malloc.c.obj (calloc)
/usr/lib/gcc/arm-none-eabi/9.2.1/../../../arm-none-eabi/lib/thumb/v6-m/nofp/libg.a(lib_a-callocr.o)
                              /usr/lib/gcc/arm-none-eabi/9.2.1/../../../arm-none-eabi/lib/thumb/v6-m/nofp/libg.a(lib_a-calloc.o) (_calloc_r)
/usr/lib/gcc/arm-none-eabi/9.2.1/../../../arm-none-eabi/lib/thumb/v6-m/nofp/libg.a(lib_a-fini.o)
                              /usr/lib/gcc/arm-none-eabi/9.2.1/../../../arm-none-eabi/lib/thumb/v6-m/nofp/crt0.o (__libc_fini_array)
/usr/lib/gcc/arm-none-eabi/9.2.1/../../../arm-none-eabi/lib/thumb/v6-m/nofp/libg.a(lib_a-impure.o)
                              /usr/lib/gcc/arm-none-eabi/9.2.1/../../../arm-none-eabi/lib/thumb/v6-m/nofp/libg.a(lib_a-calloc.o) (_impure_ptr)
/usr/lib/gcc/arm-none-eabi/9.2.1/../../../arm-none-eabi/lib/thumb/v6-m/nofp/libg.a(lib_a-init.o)
                              /usr/lib/gcc/arm-none-eabi/9.2.1/../../../arm-none-eabi/lib/thumb/v6-m/nofp/crt0.o (__libc_init_array)
/usr/lib/gcc/arm-none-eabi/9.2.1/../../../arm-none-eabi/lib/thumb/v6-m/nofp/libg.a(lib_a-malloc.o)
                              CMakeFiles/blink.dir/home/baydev/Desktop/xx/pico/pico-sdk/src/rp2_common/pico_malloc/pico_malloc.c.obj (malloc)
/usr/lib/gcc/arm-none-eabi/9.2.1/../../../arm-none-eabi/lib/thumb/v6-m/nofp/libg.a(lib_a-mallocr.o)
                              /usr/lib/gcc/arm-none-eabi/9.2.1/../../../arm-none-eabi/lib/thumb/v6-m/nofp/libg.a(lib_a-callocr.o) (_malloc_r)
/usr/lib/gcc/arm-none-eabi/9.2.1/../../../arm-none-eabi/lib/thumb/v6-m/nofp/libg.a(lib_a-mlock.o)
                              /usr/lib/gcc/arm-none-eabi/9.2.1/../../../arm-none-eabi/lib/thumb/v6-m/nofp/libg.a(lib_a-mallocr.o) (__malloc_lock)
/usr/lib/gcc/arm-none-eabi/9.2.1/../../../arm-none-eabi/lib/thumb/v6-m/nofp/libg.a(lib_a-sbrkr.o)
                              /usr/lib/gcc/arm-none-eabi/9.2.1/../../../arm-none-eabi/lib/thumb/v6-m/nofp/libg.a(lib_a-mallocr.o) (_sbrk_r)
/usr/lib/gcc/arm-none-eabi/9.2.1/../../../arm-none-eabi/lib/thumb/v6-m/nofp/libg.a(lib_a-strlen-stub.o)
                              CMakeFiles/blink.dir/home/baydev/Desktop/xx/pico/pico-sdk/src/rp2_common/pico_stdio/stdio.c.obj (strlen)
/usr/lib/gcc/arm-none-eabi/9.2.1/../../../arm-none-eabi/lib/thumb/v6-m/nofp/libg.a(lib_a-__atexit.o)
                              /usr/lib/gcc/arm-none-eabi/9.2.1/../../../arm-none-eabi/lib/thumb/v6-m/nofp/libg.a(lib_a-atexit.o) (__register_exitproc)
/usr/lib/gcc/arm-none-eabi/9.2.1/../../../arm-none-eabi/lib/thumb/v6-m/nofp/libg.a(lib_a-freer.o)
                              /usr/lib/gcc/arm-none-eabi/9.2.1/../../../arm-none-eabi/lib/thumb/v6-m/nofp/libg.a(lib_a-malloc.o) (_free_r)
/usr/lib/gcc/arm-none-eabi/9.2.1/../../../arm-none-eabi/lib/thumb/v6-m/nofp/libg.a(lib_a-reent.o)
                              /usr/lib/gcc/arm-none-eabi/9.2.1/../../../arm-none-eabi/lib/thumb/v6-m/nofp/libg.a(lib_a-sbrkr.o) (errno)

Allocating common symbols
Common symbol       size              file

sf_table            0x100             CMakeFiles/blink.dir/home/baydev/Desktop/xx/pico/pico-sdk/src/rp2_common/pico_float/float_init_rom.c.obj
errno               0x4               /usr/lib/gcc/arm-none-eabi/9.2.1/../../../arm-none-eabi/lib/thumb/v6-m/nofp/libg.a(lib_a-reent.o)
xQueueRegistry      0x50              libFreeRTOS.a(queue.c.obj)
sd_table            0x100             CMakeFiles/blink.dir/home/baydev/Desktop/xx/pico/pico-sdk/src/rp2_common/pico_double/double_init_rom.c.obj
uart_char_to_line_feed
                    0x4               CMakeFiles/blink.dir/home/baydev/Desktop/xx/pico/pico-sdk/src/rp2_common/hardware_uart/uart.c.obj

Discarded input sections

 .text          0x0000000000000000        0x0 /usr/lib/gcc/arm-none-eabi/9.2.1/thumb/v6-m/nofp/crti.o
[...]
Memory Configuration

Name             Origin             Length             Attributes
FLASH            0x0000000010000000 0x0000000000200000 xr
RAM              0x0000000020000000 0x0000000000040000 xrw
SCRATCH_X        0x0000000020040000 0x0000000000001000 xrw
SCRATCH_Y        0x0000000020041000 0x0000000000001000 xrw
*default*        0x0000000000000000 0xffffffffffffffff

Linker script and memory map

LOAD /usr/lib/gcc/arm-none-eabi/9.2.1/thumb/v6-m/nofp/crti.o
LOAD /usr/lib/gcc/arm-none-eabi/9.2.1/thumb/v6-m/nofp/crtbegin.o
LOAD /usr/lib/gcc/arm-none-eabi/9.2.1/../../../arm-none-eabi/lib/thumb/v6-m/nofp/crt0.o

.flash_begin    0x0000000010000000        0x0
                0x0000000010000000                __flash_binary_start = .

.boot2          0x0000000010000000      0x100
                0x0000000010000000                __boot2_start__ = .
 *(.boot2)
 .boot2         0x0000000010000000      0x100 /tmp/ccduTRwM.o
                0x0000000010000100                __boot2_end__ = .
                0x0000000000000001                ASSERT (((__boot2_end__ - __boot2_start__) == 0x100), ERROR: Pico second stage bootloader must be 256 bytes in size)

.text           0x0000000010000100     0x6358
                0x0000000010000100                __logical_binary_start = .
 *(.vectors)
 .vectors       0x0000000010000100       0xd4 CMakeFiles/blink.dir/home/baydev/Desktop/xx/pico/pico-sdk/src/rp2_common/pico_standard_link/crt0.S.obj
                0x0000000010000100                __vectors
                0x0000000010000100                __VECTOR_TABLE
                0x00000000100001c0                isr_invalid
                0x00000000100001c0                __default_isrs_start
                0x00000000100001c2                isr_nmi
                0x00000000100001c4                isr_hardfault
                0x00000000100001cc                isr_irq30
                0x00000000100001cc                __unhandled_user_irq
                0x00000000100001cc                isr_irq13
                0x00000000100001cc                isr_irq27
                0x00000000100001cc                isr_irq31
                0x00000000100001cc                isr_irq5
                0x00000000100001cc                isr_irq11
                0x00000000100001cc                isr_irq23
                0x00000000100001cc                isr_irq18
                0x00000000100001cc                isr_irq28
                0x00000000100001cc                isr_irq19
                0x00000000100001cc                isr_irq0
                0x00000000100001cc                isr_irq6
                0x00000000100001cc                isr_irq22
                0x00000000100001cc                isr_irq17
                0x00000000100001cc                isr_irq14
                0x00000000100001cc                isr_irq2
                0x00000000100001cc                isr_irq10
                0x00000000100001cc                isr_irq8
                0x00000000100001cc                isr_irq24
                0x00000000100001cc                isr_irq1
                0x00000000100001cc                isr_irq7
                0x00000000100001cc                isr_irq21
                0x00000000100001cc                isr_irq20
                0x00000000100001cc                isr_irq15
                0x00000000100001cc                isr_irq25
                0x00000000100001cc                isr_irq4
                0x00000000100001cc                isr_irq16
                0x00000000100001cc                isr_irq29
                0x00000000100001cc                isr_irq26
                0x00000000100001cc                __default_isrs_end
                0x00000000100001cc                isr_irq3
                0x00000000100001cc                isr_irq12
                0x00000000100001cc                isr_irq9
                0x00000000100001d2                unhandled_user_irq_num_in_r0
 *(.binary_info_header)
 .binary_info_header
                0x00000000100001d4       0x14 CMakeFiles/blink.dir/home/baydev/Desktop/xx/pico/pico-sdk/src/rp2_common/pico_standard_link/crt0.S.obj
                0x00000000100001e8                __binary_info_header_end = .
 *(.reset)
 .reset         0x00000000100001e8       0xa8 CMakeFiles/blink.dir/home/baydev/Desktop/xx/pico/pico-sdk/src/rp2_common/pico_standard_link/crt0.S.obj
                0x00000000100001e8                _entry_point
                0x0000000010000266                __get_current_exception
 .reset         0x0000000010000290       0x30 CMakeFiles/blink.dir/home/baydev/Desktop/xx/pico/pico-sdk/src/rp2_common/pico_standard_link/binary_info.c.obj
 *(.init)
 .init          0x00000000100002c0        0x4 /usr/lib/gcc/arm-none-eabi/9.2.1/thumb/v6-m/nofp/crti.o
                0x00000000100002c0                _init
 *(EXCLUDE_FILE(*libm.a: *libc.a:*lib_a-mem*.o *libgcc.a:) .text*)
 .text          0x00000000100002c4       0x98 /usr/lib/gcc/arm-none-eabi/9.2.1/thumb/v6-m/nofp/crtbegin.o
 .text.GreenLEDTask
                0x000000001000035c       0x20 CMakeFiles/blink.dir/src/main.c.obj
                0x000000001000035c                GreenLEDTask
 .text.main     0x000000001000037c       0x40 CMakeFiles/blink.dir/src/main.c.obj
                0x000000001000037c                main
 .text.gpio_set_function
                0x00000000100003bc       0x30 CMakeFiles/blink.dir/home/baydev/Desktop/xx/pico/pico-sdk/src/rp2_common/hardware_gpio/gpio.c.obj
                0x00000000100003bc                gpio_set_function
 .text.gpio_init
                0x00000000100003ec       0x16 CMakeFiles/blink.dir/home/baydev/Desktop/xx/pico/pico-sdk/src/rp2_common/hardware_gpio/gpio.c.obj
                0x00000000100003ec                gpio_init
 *fill*         0x0000000010000402        0x2 
 .text.hw_claim_lock
                0x0000000010000404       0x18 CMakeFiles/blink.dir/home/baydev/Desktop/xx/pico/pico-sdk/src/rp2_common/hardware_claim/claim.c.obj
                0x0000000010000404                hw_claim_lock
 .text.hw_claim_unlock
                0x000000001000041c       0x14 CMakeFiles/blink.dir/home/baydev/Desktop/xx/pico/pico-sdk/src/rp2_common/hardware_claim/claim.c.obj
                0x000000001000041c                hw_claim_unlock
 .text.hw_claim_or_assert
                0x0000000010000430       0x32 CMakeFiles/blink.dir/home/baydev/Desktop/xx/pico/pico-sdk/src/rp2_common/hardware_claim/claim.c.obj
                0x0000000010000430                hw_claim_or_assert
 *fill*         0x0000000010000462        0x2 
 .text.running_on_fpga
                0x0000000010000464       0x14 CMakeFiles/blink.dir/home/baydev/Desktop/xx/pico/pico-sdk/src/rp2_common/pico_platform/platform.c.obj
                0x0000000010000464                running_on_fpga
 .text.spin_locks_reset
                0x0000000010000478       0x20 CMakeFiles/blink.dir/home/baydev/Desktop/xx/pico/pico-sdk/src/rp2_common/hardware_sync/sync.c.obj
                0x0000000010000478                spin_locks_reset
 .text.next_striped_spin_lock_num
                0x0000000010000498       0x1c CMakeFiles/blink.dir/home/baydev/Desktop/xx/pico/pico-sdk/src/rp2_common/hardware_sync/sync.c.obj
                0x0000000010000498                next_striped_spin_lock_num
 .text.uart_set_baudrate
                0x00000000100004b4       0x5c CMakeFiles/blink.dir/home/baydev/Desktop/xx/pico/pico-sdk/src/rp2_common/hardware_uart/uart.c.obj
                0x00000000100004b4                uart_set_baudrate
 .text.uart_set_translate_crlf
                0x0000000010000510       0x28 CMakeFiles/blink.dir/home/baydev/Desktop/xx/pico/pico-sdk/src/rp2_common/hardware_uart/uart.c.obj
                0x0000000010000510                uart_set_translate_crlf
 .text.uart_init
                0x0000000010000538       0x80 CMakeFiles/blink.dir/home/baydev/Desktop/xx/pico/pico-sdk/src/rp2_common/hardware_uart/uart.c.obj
                0x0000000010000538                uart_init
 .text.alarm_pool_post_alloc_init
                0x00000000100005b8       0x40 CMakeFiles/blink.dir/home/baydev/Desktop/xx/pico/pico-sdk/src/common/pico_time/time.c.obj
 .text.timer_pool_entry_comparator
                0x00000000100005f8       0x7c CMakeFiles/blink.dir/home/baydev/Desktop/xx/pico/pico-sdk/src/common/pico_time/time.c.obj
                0x00000000100005f8                timer_pool_entry_comparator
 .text.ph_add_child_node
                0x0000000010000674       0xa4 CMakeFiles/blink.dir/home/baydev/Desktop/xx/pico/pico-sdk/src/common/pico_time/time.c.obj
 .text.ph_merge_nodes
                0x0000000010000718       0x3e CMakeFiles/blink.dir/home/baydev/Desktop/xx/pico/pico-sdk/src/common/pico_time/time.c.obj
 *fill*         0x0000000010000756        0x2 
 .text.add_alarm_under_lock
                0x0000000010000758      0x174 CMakeFiles/blink.dir/home/baydev/Desktop/xx/pico/pico-sdk/src/common/pico_time/time.c.obj
 .text.alarm_pool_alarm_callback
                0x00000000100008cc      0x32c CMakeFiles/blink.dir/home/baydev/Desktop/xx/pico/pico-sdk/src/common/pico_time/time.c.obj
 .text.alarm_pool_init_default
                0x0000000010000bf8       0x38 CMakeFiles/blink.dir/home/baydev/Desktop/xx/pico/pico-sdk/src/common/pico_time/time.c.obj
                0x0000000010000bf8                alarm_pool_init_default
 .text.hardware_alarm_irq_handler
                0x0000000010000c30       0x8c CMakeFiles/blink.dir/home/baydev/Desktop/xx/pico/pico-sdk/src/rp2_common/hardware_timer/timer.c.obj
 .text.hardware_alarm_claim
                0x0000000010000cbc       0x18 CMakeFiles/blink.dir/home/baydev/Desktop/xx/pico/pico-sdk/src/rp2_common/hardware_timer/timer.c.obj
                0x0000000010000cbc                hardware_alarm_claim
 .text.time_us_64
                0x0000000010000cd4       0x18 CMakeFiles/blink.dir/home/baydev/Desktop/xx/pico/pico-sdk/src/rp2_common/hardware_timer/timer.c.obj
                0x0000000010000cd4                time_us_64
 .text.hardware_alarm_set_callback
                0x0000000010000cec       0x90 CMakeFiles/blink.dir/home/baydev/Desktop/xx/pico/pico-sdk/src/rp2_common/hardware_timer/timer.c.obj
                0x0000000010000cec                hardware_alarm_set_callback
 .text.hardware_alarm_set_target
                0x0000000010000d7c       0xe8 CMakeFiles/blink.dir/home/baydev/Desktop/xx/pico/pico-sdk/src/rp2_common/hardware_timer/timer.c.obj
                0x0000000010000d7c                hardware_alarm_set_target
 .text.hardware_alarm_cancel
                0x0000000010000e64       0x40 CMakeFiles/blink.dir/home/baydev/Desktop/xx/pico/pico-sdk/src/rp2_common/hardware_timer/timer.c.obj
                0x0000000010000e64                hardware_alarm_cancel
 .text.lock_init
                0x0000000010000ea4       0x10 CMakeFiles/blink.dir/home/baydev/Desktop/xx/pico/pico-sdk/src/common/pico_sync/lock_core.c.obj
                0x0000000010000ea4                lock_init
 .text.mutex_init
                0x0000000010000eb4       0x1a CMakeFiles/blink.dir/home/baydev/Desktop/xx/pico/pico-sdk/src/common/pico_sync/mutex.c.obj
                0x0000000010000eb4                mutex_init
 .text.recursive_mutex_init
                0x0000000010000ece       0x1e CMakeFiles/blink.dir/home/baydev/Desktop/xx/pico/pico-sdk/src/common/pico_sync/mutex.c.obj
                0x0000000010000ece                recursive_mutex_init
 .text.ph_add_child_node
                0x0000000010000eec       0xa4 CMakeFiles/blink.dir/home/baydev/Desktop/xx/pico/pico-sdk/src/common/pico_util/pheap.c.obj
 .text.ph_merge_nodes
                0x0000000010000f90       0x3e CMakeFiles/blink.dir/home/baydev/Desktop/xx/pico/pico-sdk/src/common/pico_util/pheap.c.obj
 *fill*         0x0000000010000fce        0x2 
 .text.ph_clear
                0x0000000010000fd0       0x70 CMakeFiles/blink.dir/home/baydev/Desktop/xx/pico/pico-sdk/src/common/pico_util/pheap.c.obj
                0x0000000010000fd0                ph_clear
 .text.ph_post_alloc_init
                0x0000000010001040        0xe CMakeFiles/blink.dir/home/baydev/Desktop/xx/pico/pico-sdk/src/common/pico_util/pheap.c.obj
                0x0000000010001040                ph_post_alloc_init
 *fill*         0x000000001000104e        0x2 
 .text.ph_merge_two_pass
                0x0000000010001050       0xa8 CMakeFiles/blink.dir/home/baydev/Desktop/xx/pico/pico-sdk/src/common/pico_util/pheap.c.obj
                0x0000000010001050                ph_merge_two_pass
 .text.ph_remove_any_head
                0x00000000100010f8      0x108 CMakeFiles/blink.dir/home/baydev/Desktop/xx/pico/pico-sdk/src/common/pico_util/pheap.c.obj
 .text.ph_remove_head
                0x0000000010001200       0x14 CMakeFiles/blink.dir/home/baydev/Desktop/xx/pico/pico-sdk/src/common/pico_util/pheap.c.obj
                0x0000000010001200                ph_remove_head
 .text.ph_remove_and_free_node
                0x0000000010001214       0xf8 CMakeFiles/blink.dir/home/baydev/Desktop/xx/pico/pico-sdk/src/common/pico_util/pheap.c.obj
                0x0000000010001214                ph_remove_and_free_node
 .text._exit    0x000000001000130c        0x4 CMakeFiles/blink.dir/home/baydev/Desktop/xx/pico/pico-sdk/src/rp2_common/pico_runtime/runtime.c.obj
                0x000000001000130c                _exit
 .text.exit     0x0000000010001310        0x6 CMakeFiles/blink.dir/home/baydev/Desktop/xx/pico/pico-sdk/src/rp2_common/pico_runtime/runtime.c.obj
                0x0000000010001310                exit
 *fill*         0x0000000010001316        0x2 
 .text.__assert_func
                0x0000000010001318       0x3c CMakeFiles/blink.dir/home/baydev/Desktop/xx/pico/pico-sdk/src/rp2_common/pico_runtime/runtime.c.obj
                0x0000000010001318                __assert_func
 .text.runtime_init
                0x0000000010001354       0xf8 CMakeFiles/blink.dir/home/baydev/Desktop/xx/pico/pico-sdk/src/rp2_common/pico_runtime/runtime.c.obj
                0x0000000010001354                runtime_init
 .text.panic    0x000000001000144c       0x30 CMakeFiles/blink.dir/home/baydev/Desktop/xx/pico/pico-sdk/src/rp2_common/pico_runtime/runtime.c.obj
                0x000000001000144c                panic
 .text.clock_configure
                0x000000001000147c      0x104 CMakeFiles/blink.dir/home/baydev/Desktop/xx/pico/pico-sdk/src/rp2_common/hardware_clocks/clocks.c.obj
                0x000000001000147c                clock_configure
 .text.clocks_init
                0x0000000010001580      0x100 CMakeFiles/blink.dir/home/baydev/Desktop/xx/pico/pico-sdk/src/rp2_common/hardware_clocks/clocks.c.obj
                0x0000000010001580                clocks_init
 .text.clock_get_hz
                0x0000000010001680        0xc CMakeFiles/blink.dir/home/baydev/Desktop/xx/pico/pico-sdk/src/rp2_common/hardware_clocks/clocks.c.obj
                0x0000000010001680                clock_get_hz
 .text.set_raw_irq_handler_and_unlock
                0x000000001000168c       0x28 CMakeFiles/blink.dir/home/baydev/Desktop/xx/pico/pico-sdk/src/rp2_common/hardware_irq/irq.c.obj
 .text.make_branch
                0x00000000100016b4       0x34 CMakeFiles/blink.dir/home/baydev/Desktop/xx/pico/pico-sdk/src/rp2_common/hardware_irq/irq.c.obj
 .text.insert_branch_and_link
                0x00000000100016e8       0x40 CMakeFiles/blink.dir/home/baydev/Desktop/xx/pico/pico-sdk/src/rp2_common/hardware_irq/irq.c.obj
 .text.irq_is_enabled
                0x0000000010001728       0x18 CMakeFiles/blink.dir/home/baydev/Desktop/xx/pico/pico-sdk/src/rp2_common/hardware_irq/irq.c.obj
                0x0000000010001728                irq_is_enabled
 .text.irq_set_mask_enabled
                0x0000000010001740       0x20 CMakeFiles/blink.dir/home/baydev/Desktop/xx/pico/pico-sdk/src/rp2_common/hardware_irq/irq.c.obj
                0x0000000010001740                irq_set_mask_enabled
 .text.irq_set_enabled
                0x0000000010001760        0xe CMakeFiles/blink.dir/home/baydev/Desktop/xx/pico/pico-sdk/src/rp2_common/hardware_irq/irq.c.obj
                0x0000000010001760                irq_set_enabled
 *fill*         0x000000001000176e        0x2 
 .text.irq_get_vtable_handler
                0x0000000010001770       0x10 CMakeFiles/blink.dir/home/baydev/Desktop/xx/pico/pico-sdk/src/rp2_common/hardware_irq/irq.c.obj
                0x0000000010001770                irq_get_vtable_handler
 .text.irq_set_exclusive_handler
                0x0000000010001780       0x54 CMakeFiles/blink.dir/home/baydev/Desktop/xx/pico/pico-sdk/src/rp2_common/hardware_irq/irq.c.obj
                0x0000000010001780                irq_set_exclusive_handler
 .text.irq_remove_handler
                0x00000000100017d4      0x1ac CMakeFiles/blink.dir/home/baydev/Desktop/xx/pico/pico-sdk/src/rp2_common/hardware_irq/irq.c.obj
                0x00000000100017d4                irq_remove_handler
 .text.irq_add_tail_to_free_list
                0x0000000010001980       0xf0 CMakeFiles/blink.dir/home/baydev/Desktop/xx/pico/pico-sdk/src/rp2_common/hardware_irq/irq.c.obj
                0x0000000010001980                irq_add_tail_to_free_list
 .text.irq_init_priorities
                0x0000000010001a70       0x1c CMakeFiles/blink.dir/home/baydev/Desktop/xx/pico/pico-sdk/src/rp2_common/hardware_irq/irq.c.obj
                0x0000000010001a70                irq_init_priorities
 .text.pll_init
                0x0000000010001a8c      0x118 CMakeFiles/blink.dir/home/baydev/Desktop/xx/pico/pico-sdk/src/rp2_common/hardware_pll/pll.c.obj
                0x0000000010001a8c                pll_init
 .text.watchdog_start_tick
                0x0000000010001ba4       0x10 CMakeFiles/blink.dir/home/baydev/Desktop/xx/pico/pico-sdk/src/rp2_common/hardware_watchdog/watchdog.c.obj
                0x0000000010001ba4                watchdog_start_tick
 .text.xosc_init
                0x0000000010001bb4       0x28 CMakeFiles/blink.dir/home/baydev/Desktop/xx/pico/pico-sdk/src/rp2_common/hardware_xosc/xosc.c.obj
                0x0000000010001bb4                xosc_init
 .text._out_null
                0x0000000010001bdc        0x2 CMakeFiles/blink.dir/home/baydev/Desktop/xx/pico/pico-sdk/src/rp2_common/pico_printf/printf.c.obj
 .text._out_fct
                0x0000000010001bde        0xe CMakeFiles/blink.dir/home/baydev/Desktop/xx/pico/pico-sdk/src/rp2_common/pico_printf/printf.c.obj
 .text._atoi    0x0000000010001bec       0x24 CMakeFiles/blink.dir/home/baydev/Desktop/xx/pico/pico-sdk/src/rp2_common/pico_printf/printf.c.obj
 .text._out_rev
                0x0000000010001c10       0xae CMakeFiles/blink.dir/home/baydev/Desktop/xx/pico/pico-sdk/src/rp2_common/pico_printf/printf.c.obj
 .text._ntoa_format
                0x0000000010001cbe      0x110 CMakeFiles/blink.dir/home/baydev/Desktop/xx/pico/pico-sdk/src/rp2_common/pico_printf/printf.c.obj
 .text._ntoa_long
                0x0000000010001dce       0xbc CMakeFiles/blink.dir/home/baydev/Desktop/xx/pico/pico-sdk/src/rp2_common/pico_printf/printf.c.obj
 .text._ntoa_long_long
                0x0000000010001e8a       0xe2 CMakeFiles/blink.dir/home/baydev/Desktop/xx/pico/pico-sdk/src/rp2_common/pico_printf/printf.c.obj
 .text._etoa    0x0000000010001f6c      0x40c CMakeFiles/blink.dir/home/baydev/Desktop/xx/pico/pico-sdk/src/rp2_common/pico_printf/printf.c.obj
 .text._ftoa    0x0000000010002378      0x354 CMakeFiles/blink.dir/home/baydev/Desktop/xx/pico/pico-sdk/src/rp2_common/pico_printf/printf.c.obj
 .text._vsnprintf
                0x00000000100026cc      0x628 CMakeFiles/blink.dir/home/baydev/Desktop/xx/pico/pico-sdk/src/rp2_common/pico_printf/printf.c.obj
 .text.vfctprintf
                0x0000000010002cf4       0x20 CMakeFiles/blink.dir/home/baydev/Desktop/xx/pico/pico-sdk/src/rp2_common/pico_printf/printf.c.obj
                0x0000000010002cf4                vfctprintf
 .text          0x0000000010002d14       0x10 CMakeFiles/blink.dir/home/baydev/Desktop/xx/pico/pico-sdk/src/rp2_common/pico_bit_ops/bit_ops_aeabi.S.obj
 .text.rom_func_lookup
                0x0000000010002d24       0x10 CMakeFiles/blink.dir/home/baydev/Desktop/xx/pico/pico-sdk/src/rp2_common/pico_bootrom/bootrom.c.obj
                0x0000000010002d24                rom_func_lookup
 .text.rom_data_lookup
                0x0000000010002d34       0x10 CMakeFiles/blink.dir/home/baydev/Desktop/xx/pico/pico-sdk/src/rp2_common/pico_bootrom/bootrom.c.obj
                0x0000000010002d34                rom_data_lookup
 .text.rom_funcs_lookup
                0x0000000010002d44       0x36 CMakeFiles/blink.dir/home/baydev/Desktop/xx/pico/pico-sdk/src/rp2_common/pico_bootrom/bootrom.c.obj
                0x0000000010002d44                rom_funcs_lookup
 *fill*         0x0000000010002d7a        0x2 
 .text.__wrap___aeabi_idiv
                0x0000000010002d7c       0x50 CMakeFiles/blink.dir/home/baydev/Desktop/xx/pico/pico-sdk/src/rp2_common/pico_divider/divider.S.obj
                0x0000000010002d7c                __wrap___aeabi_idivmod
                0x0000000010002d7c                divmod_s32s32
                0x0000000010002d7c                div_s32s32
                0x0000000010002d7c                __wrap___aeabi_idiv
                0x0000000010002d84                divmod_s32s32_unsafe
                0x0000000010002db0                divmod_s32s32_savestate
 .text.__wrap___aeabi_uidiv
                0x0000000010002dcc       0x4c CMakeFiles/blink.dir/home/baydev/Desktop/xx/pico/pico-sdk/src/rp2_common/pico_divider/divider.S.obj
                0x0000000010002dcc                __wrap___aeabi_uidiv
                0x0000000010002dcc                __wrap___aeabi_uidivmod
                0x0000000010002dcc                div_u32u32
                0x0000000010002dcc                divmod_u32u32
                0x0000000010002dd4                divmod_u32u32_unsafe
                0x0000000010002dfc                divmod_u32u32_savestate
 .text.__wrap___aeabi_ldiv
                0x0000000010002e18      0x434 CMakeFiles/blink.dir/home/baydev/Desktop/xx/pico/pico-sdk/src/rp2_common/pico_divider/divider.S.obj
                0x0000000010002e18                div_s64s64
                0x0000000010002e18                divmod_s64s64
                0x0000000010002e18                __wrap___aeabi_ldivmod
                0x0000000010002e50                div_u64u64
                0x0000000010002e50                divmod_u64u64
                0x0000000010002e50                __wrap___aeabi_uldivmod
                0x0000000010002e60                divmod_u64u64_savestate
                0x0000000010002e88                divmod_s64s64_unsafe
                0x0000000010002f10                divmod_u64u64_unsafe
 .text.__wrap___aeabi_darithmetic
                0x000000001000324c       0x80 CMakeFiles/blink.dir/home/baydev/Desktop/xx/pico/pico-sdk/src/rp2_common/pico_double/double_aeabi.S.obj
                0x000000001000324c                __wrap___aeabi_drsub
                0x0000000010003252                __wrap___aeabi_dsub
                0x0000000010003264                __wrap___aeabi_dadd
                0x0000000010003276                __wrap___aeabi_ddiv
                0x00000000100032b2                __wrap___aeabi_dmul
 .text.__wrap___aeabi_cdcmple
                0x00000000100032cc       0x6c CMakeFiles/blink.dir/home/baydev/Desktop/xx/pico/pico-sdk/src/rp2_common/pico_double/double_aeabi.S.obj
                0x00000000100032cc                __wrap___aeabi_cdrcmple
                0x00000000100032dc                __wrap___aeabi_cdcmple
                0x00000000100032dc                __wrap___aeabi_cdcmpeq
 .text.__wrap___aeabi_dcmplt
                0x0000000010003338        0xc CMakeFiles/blink.dir/home/baydev/Desktop/xx/pico/pico-sdk/src/rp2_common/pico_double/double_aeabi.S.obj
                0x0000000010003338                __wrap___aeabi_dcmplt
 .text.__wrap___aeabi_dcmple
                0x0000000010003344       0x10 CMakeFiles/blink.dir/home/baydev/Desktop/xx/pico/pico-sdk/src/rp2_common/pico_double/double_aeabi.S.obj
                0x0000000010003344                __wrap___aeabi_dcmple
 .text.__wrap___aeabi_dcmpge
                0x0000000010003354       0x10 CMakeFiles/blink.dir/home/baydev/Desktop/xx/pico/pico-sdk/src/rp2_common/pico_double/double_aeabi.S.obj
                0x0000000010003354                __wrap___aeabi_dcmpge
 .text.__wrap___aeabi_dcmpgt
                0x0000000010003364        0xa CMakeFiles/blink.dir/home/baydev/Desktop/xx/pico/pico-sdk/src/rp2_common/pico_double/double_aeabi.S.obj
                0x0000000010003364                __wrap___aeabi_dcmpgt
 .text.__wrap___aeabi_dcmpun
                0x000000001000336e       0x1c CMakeFiles/blink.dir/home/baydev/Desktop/xx/pico/pico-sdk/src/rp2_common/pico_double/double_aeabi.S.obj
                0x000000001000336e                __wrap___aeabi_dcmpun
 *fill*         0x000000001000338a        0x2 
 .text.__wrap___aeabi_i2d
                0x000000001000338c       0x38 CMakeFiles/blink.dir/home/baydev/Desktop/xx/pico/pico-sdk/src/rp2_common/pico_double/double_aeabi.S.obj
                0x000000001000338c                __wrap___aeabi_ui2d
                0x0000000010003394                __wrap___aeabi_i2d
 .text.__wrap___aeabi_d2iz
                0x00000000100033c4       0x48 CMakeFiles/blink.dir/home/baydev/Desktop/xx/pico/pico-sdk/src/rp2_common/pico_double/double_aeabi.S.obj
                0x00000000100033c4                __wrap___aeabi_d2iz
                0x00000000100033c4                double2int_z
 .text.__wrap___aeabi_d2uiz
                0x000000001000340c       0x18 CMakeFiles/blink.dir/home/baydev/Desktop/xx/pico/pico-sdk/src/rp2_common/pico_double/double_aeabi.S.obj
                0x000000001000340c                double2uint
                0x000000001000340c                __wrap___aeabi_d2uiz
 .text.__aeabi_double_init
                0x0000000010003424       0xc8 CMakeFiles/blink.dir/home/baydev/Desktop/xx/pico/pico-sdk/src/rp2_common/pico_double/double_init_rom.c.obj
                0x0000000010003424                __aeabi_double_init
 .text.double_table_shim_on_use_helper
                0x00000000100034ec       0x34 CMakeFiles/blink.dir/home/baydev/Desktop/xx/pico/pico-sdk/src/rp2_common/pico_double/double_v1_rom_shim.S.obj
                0x00000000100034ec                double_table_shim_on_use_helper
 .text.__wrap___aeabi_dsub
                0x0000000010003520       0x10 CMakeFiles/blink.dir/home/baydev/Desktop/xx/pico/pico-sdk/src/rp2_common/pico_double/double_v1_rom_shim.S.obj
                0x0000000010003520                drsub_shim
                0x0000000010003526                dsub_shim
 .text.dadd_shim
                0x0000000010003530      0x15c CMakeFiles/blink.dir/home/baydev/Desktop/xx/pico/pico-sdk/src/rp2_common/pico_double/double_v1_rom_shim.S.obj
                0x0000000010003530                dadd_shim
 .text.dmul_shim
                0x000000001000368c      0x15c CMakeFiles/blink.dir/home/baydev/Desktop/xx/pico/pico-sdk/src/rp2_common/pico_double/double_v1_rom_shim.S.obj
                0x000000001000368c                dmul_shim
 .text.ddiv_shim
                0x00000000100037e8      0x1b0 CMakeFiles/blink.dir/home/baydev/Desktop/xx/pico/pico-sdk/src/rp2_common/pico_double/double_v1_rom_shim.S.obj
                0x00000000100037e8                ddiv_shim
 .text.double2uint_shim
                0x0000000010003998        0xe CMakeFiles/blink.dir/home/baydev/Desktop/xx/pico/pico-sdk/src/rp2_common/pico_double/double_v1_rom_shim.S.obj
                0x0000000010003998                double2uint_shim
                0x000000001000399a                double2ufix_shim
 *fill*         0x00000000100039a6        0x2 
 .text.double2uint64_shim
                0x00000000100039a8       0x70 CMakeFiles/blink.dir/home/baydev/Desktop/xx/pico/pico-sdk/src/rp2_common/pico_double/double_v1_rom_shim.S.obj
                0x00000000100039a8                double2uint64_shim
                0x00000000100039aa                double2ufix64_shim
                0x00000000100039ca                d2fix_a
 .text.dunpacks
                0x0000000010003a18       0x3c CMakeFiles/blink.dir/home/baydev/Desktop/xx/pico/pico-sdk/src/rp2_common/pico_double/double_v1_rom_shim.S.obj
                0x0000000010003a18                dunpacks
 .text.__aeabi_float_init
                0x0000000010003a54       0xfc CMakeFiles/blink.dir/home/baydev/Desktop/xx/pico/pico-sdk/src/rp2_common/pico_float/float_init_rom.c.obj
                0x0000000010003a54                __aeabi_float_init
 .text.float_table_shim_on_use_helper
                0x0000000010003b50       0x34 CMakeFiles/blink.dir/home/baydev/Desktop/xx/pico/pico-sdk/src/rp2_common/pico_float/float_v1_rom_shim.S.obj
                0x0000000010003b50                float_table_shim_on_use_helper
 .text          0x0000000010003b84       0x10 CMakeFiles/blink.dir/home/baydev/Desktop/xx/pico/pico-sdk/src/rp2_common/pico_mem_ops/mem_ops_aeabi.S.obj
                0x0000000010003b84                __aeabi_mem_init
 .text.memset   0x0000000010003b94        0xc CMakeFiles/blink.dir/home/baydev/Desktop/xx/pico/pico-sdk/src/rp2_common/pico_mem_ops/mem_ops_aeabi.S.obj
                0x0000000010003b94                __wrap_memset
 .text.memcpy   0x0000000010003ba0        0xc CMakeFiles/blink.dir/home/baydev/Desktop/xx/pico/pico-sdk/src/rp2_common/pico_mem_ops/mem_ops_aeabi.S.obj
                0x0000000010003ba0                __wrap___aeabi_memcpy
                0x0000000010003ba0                __wrap_memcpy
 .text.stdio_out_chars_no_crlf
                0x0000000010003bac        0xe CMakeFiles/blink.dir/home/baydev/Desktop/xx/pico/pico-sdk/src/rp2_common/pico_stdio/stdio.c.obj
 *fill*         0x0000000010003bba        0x2 
 .text.stdio_out_chars_crlf
                0x0000000010003bbc       0x80 CMakeFiles/blink.dir/home/baydev/Desktop/xx/pico/pico-sdk/src/rp2_common/pico_stdio/stdio.c.obj
 .text.stdio_stack_buffer_flush
                0x0000000010003c3c       0x44 CMakeFiles/blink.dir/home/baydev/Desktop/xx/pico/pico-sdk/src/rp2_common/pico_stdio/stdio.c.obj
 .text.stdio_buffered_printer
                0x0000000010003c80       0x20 CMakeFiles/blink.dir/home/baydev/Desktop/xx/pico/pico-sdk/src/rp2_common/pico_stdio/stdio.c.obj
 .text.stdout_serialize_begin
                0x0000000010003ca0       0x30 CMakeFiles/blink.dir/home/baydev/Desktop/xx/pico/pico-sdk/src/rp2_common/pico_stdio/stdio.c.obj
                0x0000000010003ca0                stdout_serialize_begin
 .text.stdout_serialize_end
                0x0000000010003cd0       0x10 CMakeFiles/blink.dir/home/baydev/Desktop/xx/pico/pico-sdk/src/rp2_common/pico_stdio/stdio.c.obj
                0x0000000010003cd0                stdout_serialize_end
 .text.stdio_put_string
                0x0000000010003ce0       0x98 CMakeFiles/blink.dir/home/baydev/Desktop/xx/pico/pico-sdk/src/rp2_common/pico_stdio/stdio.c.obj
 .text.stdio_set_driver_enabled
                0x0000000010003d78       0x38 CMakeFiles/blink.dir/home/baydev/Desktop/xx/pico/pico-sdk/src/rp2_common/pico_stdio/stdio.c.obj
                0x0000000010003d78                stdio_set_driver_enabled
 .text.stdio_flush
                0x0000000010003db0       0x20 CMakeFiles/blink.dir/home/baydev/Desktop/xx/pico/pico-sdk/src/rp2_common/pico_stdio/stdio.c.obj
                0x0000000010003db0                stdio_flush
 .text.__wrap_puts
                0x0000000010003dd0       0x1e CMakeFiles/blink.dir/home/baydev/Desktop/xx/pico/pico-sdk/src/rp2_common/pico_stdio/stdio.c.obj
                0x0000000010003dd0                __wrap_puts
 *fill*         0x0000000010003dee        0x2 
 .text.__wrap_vprintf
                0x0000000010003df0       0x44 CMakeFiles/blink.dir/home/baydev/Desktop/xx/pico/pico-sdk/src/rp2_common/pico_stdio/stdio.c.obj
                0x0000000010003df0                __wrap_vprintf
 .text.__wrap_printf
                0x0000000010003e34       0x18 CMakeFiles/blink.dir/home/baydev/Desktop/xx/pico/pico-sdk/src/rp2_common/pico_stdio/stdio.c.obj
                0x0000000010003e34                __wrap_printf
 .text.stdio_init_all
                0x0000000010003e4c        0x8 CMakeFiles/blink.dir/home/baydev/Desktop/xx/pico/pico-sdk/src/rp2_common/pico_stdio/stdio.c.obj
                0x0000000010003e4c                stdio_init_all
 .text.stdio_uart_out_chars
                0x0000000010003e54       0x74 CMakeFiles/blink.dir/home/baydev/Desktop/xx/pico/pico-sdk/src/rp2_common/pico_stdio_uart/stdio_uart.c.obj
 .text.stdio_uart_in_chars
                0x0000000010003ec8       0x54 CMakeFiles/blink.dir/home/baydev/Desktop/xx/pico/pico-sdk/src/rp2_common/pico_stdio_uart/stdio_uart.c.obj
                0x0000000010003ec8                stdio_uart_in_chars
 .text.stdio_uart_init_full
                0x0000000010003f1c       0x3c CMakeFiles/blink.dir/home/baydev/Desktop/xx/pico/pico-sdk/src/rp2_common/pico_stdio_uart/stdio_uart.c.obj
                0x0000000010003f1c                stdio_uart_init_full
 .text.stdio_uart_init
                0x0000000010003f58       0x28 CMakeFiles/blink.dir/home/baydev/Desktop/xx/pico/pico-sdk/src/rp2_common/pico_stdio_uart/stdio_uart.c.obj
                0x0000000010003f58                stdio_uart_init
 .text          0x0000000010003f80     0x126c libFreeRTOS.a(tasks.c.obj)
                0x0000000010004238                xTaskCreate
                0x00000000100042a0                vTaskDelete
                0x0000000010004324                uxTaskPriorityGet
                0x0000000010004344                uxTaskPriorityGetFromISR
                0x0000000010004364                vTaskPrioritySet
                0x0000000010004434                vTaskResume
                0x00000000100044b8                xTaskResumeFromISR
                0x0000000010004554                vTaskStartScheduler
                0x00000000100045b4                vTaskEndScheduler
                0x00000000100045c8                vTaskSuspendAll
                0x00000000100045d8                xTaskGetTickCount
                0x00000000100045e4                xTaskGetTickCountFromISR
                0x00000000100045f0                uxTaskGetNumberOfTasks
                0x00000000100045fc                pcTaskGetName
                0x0000000010004610                xTaskIncrementTick
                0x000000001000472c                xTaskResumeAll
                0x0000000010004848                xTaskDelayUntil
                0x00000000100048a8                vTaskDelay
                0x00000000100048c8                xTaskCatchUpTicks
                0x00000000100048e4                vTaskSwitchContext
                0x000000001000495c                vTaskSuspend
                0x0000000010004a00                vTaskPlaceOnEventList
                0x0000000010004a1c                vTaskPlaceOnUnorderedEventList
                0x0000000010004a5c                vTaskPlaceOnEventListRestricted
                0x0000000010004a9c                xTaskRemoveFromEventList
                0x0000000010004b70                vTaskRemoveFromUnorderedEventList
                0x0000000010004c20                vTaskSetTimeOutState
                0x0000000010004c3c                vTaskInternalSetTimeOutState
                0x0000000010004c4c                xTaskCheckForTimeOut
                0x0000000010004ca4                vTaskMissedYield
                0x0000000010004cb0                vTaskSetThreadLocalStoragePointer
                0x0000000010004ccc                pvTaskGetThreadLocalStoragePointer
                0x0000000010004cec                xTaskGetCurrentTaskHandle
                0x0000000010004cf8                xTaskGetSchedulerState
                0x0000000010004d18                uxTaskResetEventItemValue
                0x0000000010004d30                ulTaskGenericNotifyTake
                0x0000000010004dbc                xTaskGenericNotifyWait
                0x0000000010004e5c                xTaskGenericNotify
                0x0000000010004f64                xTaskGenericNotifyFromISR
                0x00000000100050a8                vTaskGenericNotifyGiveFromISR
                0x0000000010005184                xTaskGenericNotifyStateClear
                0x00000000100051bc                ulTaskGenericNotifyValueClear
 .text          0x00000000100051ec      0x478 libFreeRTOS.a(timers.c.obj)
                0x00000000100054f6                xTimerCreateTimerTask
                0x0000000010005534                xTimerCreate
                0x0000000010005568                xTimerGenericCommand
                0x00000000100055c0                xTimerGetTimerDaemonTaskHandle
                0x00000000100055cc                xTimerGetPeriod
                0x00000000100055d0                vTimerSetReloadMode
                0x00000000100055fa                uxTimerGetReloadMode
                0x0000000010005618                xTimerGetExpiryTime
                0x000000001000561c                pcTimerGetName
                0x0000000010005620                xTimerIsTimerActive
                0x000000001000563e                pvTimerGetTimerID
                0x0000000010005650                vTimerSetTimerID
 *fill*         0x0000000010005664        0xc 
 .text          0x0000000010005670      0x18c libFreeRTOS.a(port.c.obj)
                0x00000000100056b4                pxPortInitialiseStack
                0x00000000100056d4                isr_svcall
                0x00000000100056d6                vPortEndScheduler
                0x00000000100056d8                vPortYield
                0x00000000100056f0                vPortEnterCritical
                0x0000000010005708                vPortExitCritical
                0x000000001000571c                ulSetInterruptMaskFromISR
                0x0000000010005724                vClearInterruptMaskFromISR
                0x000000001000572a                isr_pendsv
                0x0000000010005774                isr_systick
                0x0000000010005798                vPortSetupTimerInterrupt
                0x00000000100057c0                xPortStartScheduler
 .text          0x00000000100057fc      0x238 libFreeRTOS.a(heap_4.c.obj)
                0x000000001000589c                pvPortMalloc
                0x0000000010005968                vPortFree
                0x00000000100059b0                xPortGetFreeHeapSize
                0x00000000100059bc                xPortGetMinimumEverFreeHeapSize
                0x00000000100059c8                vPortInitialiseBlocks
                0x00000000100059ca                vPortGetHeapStats
 .text          0x0000000010005a34       0x86 libFreeRTOS.a(list.c.obj)
                0x0000000010005a34                vListInitialise
                0x0000000010005a4a                vListInitialiseItem
                0x0000000010005a50                vListInsertEnd
                0x0000000010005a66                vListInsert
                0x0000000010005a94                uxListRemove
 *fill*         0x0000000010005aba        0x2 
 .text          0x0000000010005abc      0x8ec libFreeRTOS.a(queue.c.obj)
                0x0000000010005bec                xQueueGenericReset
                0x0000000010005cc0                xQueueGenericCreate
                0x0000000010005d3e                xQueueGenericSend
                0x0000000010005e30                xQueueGenericSendFromISR
                0x0000000010005eaa                xQueueGiveFromISR
                0x0000000010005f0e                xQueueReceive
                0x0000000010005ffc                xQueueSemaphoreTake
                0x00000000100060e0                xQueuePeek
                0x00000000100061ce                xQueueReceiveFromISR
                0x0000000010006240                xQueuePeekFromISR
                0x000000001000626e                uxQueueMessagesWaiting
                0x0000000010006280                uxQueueSpacesAvailable
                0x0000000010006296                uxQueueMessagesWaitingFromISR
                0x000000001000629a                xQueueIsQueueEmptyFromISR
                0x00000000100062a8                xQueueIsQueueFullFromISR
                0x00000000100062b8                vQueueAddToRegistry
                0x00000000100062fc                pcQueueGetName
                0x0000000010006320                vQueueUnregisterQueue
                0x0000000010006348                vQueueDelete
                0x0000000010006358                vQueueWaitForMessageRestricted
 .text          0x00000000100063a8       0x5c /usr/lib/gcc/arm-none-eabi/9.2.1/../../../arm-none-eabi/lib/thumb/v6-m/nofp/libg.a(lib_a-strlen-stub.o)
                0x00000000100063a8                strlen
 *(.fini)
 .fini          0x0000000010006404        0x4 /usr/lib/gcc/arm-none-eabi/9.2.1/thumb/v6-m/nofp/crti.o
                0x0000000010006404                _fini
 .fini.__stub   0x0000000010006408       0x50 linker stubs
 *crtbegin.o(.ctors)
 *crtbegin?.o(.ctors)
 *(EXCLUDE_FILE(*crtend.o *crtend?.o) .ctors)
 *(SORT_BY_NAME(.ctors.*))
 *(.ctors)
 *crtbegin.o(.dtors)
 *crtbegin?.o(.dtors)
 *(EXCLUDE_FILE(*crtend.o *crtend?.o) .dtors)
 *(SORT_BY_NAME(.dtors.*))
 *(.dtors)
 *(.eh_frame*)
 .eh_frame      0x0000000010006458        0x0 /usr/lib/gcc/arm-none-eabi/9.2.1/thumb/v6-m/nofp/crtbegin.o
                0x0000000010006458                . = ALIGN (0x4)

.glue_7         0x0000000010006458        0x0
 .glue_7        0x0000000010006458        0x0 linker stubs

.glue_7t        0x0000000010006458        0x0
 .glue_7t       0x0000000010006458        0x0 linker stubs

.vfp11_veneer   0x0000000010006458        0x0
 .vfp11_veneer  0x0000000010006458        0x0 linker stubs

.v4_bx          0x0000000010006458        0x0
 .v4_bx         0x0000000010006458        0x0 linker stubs

.iplt           0x0000000010006458        0x0
 .iplt          0x0000000010006458        0x0 /usr/lib/gcc/arm-none-eabi/9.2.1/thumb/v6-m/nofp/crtbegin.o

.rodata         0x0000000010006458      0xe70
 *(EXCLUDE_FILE(*libm.a: *libc.a:*lib_a-mem*.o *libgcc.a:) .rodata*)
 .rodata.main.str1.4
                0x0000000010006458        0xa CMakeFiles/blink.dir/src/main.c.obj
 *fill*         0x0000000010006462        0x2 
 .rodata.repeating_timer_callback.str1.4
                0x0000000010006464       0x56 CMakeFiles/blink.dir/home/baydev/Desktop/xx/pico/pico-sdk/src/common/pico_time/time.c.obj
 *fill*         0x00000000100064ba        0x2 
 .rodata.alarm_pool_dump_key.str1.4
                0x00000000100064bc       0x33 CMakeFiles/blink.dir/home/baydev/Desktop/xx/pico/pico-sdk/src/common/pico_time/time.c.obj
 *fill*         0x00000000100064ef        0x1 
 .rodata.ph_add_child_node.str1.4
                0x00000000100064f0       0xa2 CMakeFiles/blink.dir/home/baydev/Desktop/xx/pico/pico-sdk/src/common/pico_time/time.c.obj
 *fill*         0x0000000010006592        0x2 
 .rodata.add_alarm_under_lock.str1.4
                0x0000000010006594       0x28 CMakeFiles/blink.dir/home/baydev/Desktop/xx/pico/pico-sdk/src/common/pico_time/time.c.obj
                                         0x2b (size before relaxing)
 .rodata.alarm_pool_alarm_callback.str1.4
                0x00000000100065bc       0xee CMakeFiles/blink.dir/home/baydev/Desktop/xx/pico/pico-sdk/src/common/pico_time/time.c.obj
 *fill*         0x00000000100066aa        0x2 
 .rodata.__func__.5701
                0x00000000100066ac       0x15 CMakeFiles/blink.dir/home/baydev/Desktop/xx/pico/pico-sdk/src/common/pico_time/time.c.obj
 *fill*         0x00000000100066c1        0x3 
 .rodata.__func__.6007
                0x00000000100066c4        0xc CMakeFiles/blink.dir/home/baydev/Desktop/xx/pico/pico-sdk/src/common/pico_time/time.c.obj
 .rodata.__func__.6014
                0x00000000100066d0       0x12 CMakeFiles/blink.dir/home/baydev/Desktop/xx/pico/pico-sdk/src/common/pico_time/time.c.obj
 *fill*         0x00000000100066e2        0x2 
 .rodata.__func__.6030
                0x00000000100066e4        0xf CMakeFiles/blink.dir/home/baydev/Desktop/xx/pico/pico-sdk/src/common/pico_time/time.c.obj
 *fill*         0x00000000100066f3        0x1 
 .rodata.__func__.6052
                0x00000000100066f4        0xd CMakeFiles/blink.dir/home/baydev/Desktop/xx/pico/pico-sdk/src/common/pico_time/time.c.obj
 *fill*         0x0000000010006701        0x3 
 .rodata.__func__.6276
                0x0000000010006704        0xa CMakeFiles/blink.dir/home/baydev/Desktop/xx/pico/pico-sdk/src/common/pico_time/time.c.obj
 *fill*         0x000000001000670e        0x2 
 .rodata.__func__.6281
                0x0000000010006710       0x12 CMakeFiles/blink.dir/home/baydev/Desktop/xx/pico/pico-sdk/src/common/pico_time/time.c.obj
 *fill*         0x0000000010006722        0x2 
 .rodata.__func__.6307
                0x0000000010006724       0x15 CMakeFiles/blink.dir/home/baydev/Desktop/xx/pico/pico-sdk/src/common/pico_time/time.c.obj
 *fill*         0x0000000010006739        0x3 
 .rodata.__func__.6324
                0x000000001000673c       0x1a CMakeFiles/blink.dir/home/baydev/Desktop/xx/pico/pico-sdk/src/common/pico_time/time.c.obj
 *fill*         0x0000000010006756        0x2 
 .rodata.hardware_alarm_claim.str1.4
                0x0000000010006758       0x22 CMakeFiles/blink.dir/home/baydev/Desktop/xx/pico/pico-sdk/src/rp2_common/hardware_timer/timer.c.obj
 *fill*         0x000000001000677a        0x2 
 .rodata.hardware_alarm_set_target.str1.4
                0x000000001000677c       0x70 CMakeFiles/blink.dir/home/baydev/Desktop/xx/pico/pico-sdk/src/rp2_common/hardware_timer/timer.c.obj
 .rodata.__func__.4559
                0x00000000100067ec       0x1a CMakeFiles/blink.dir/home/baydev/Desktop/xx/pico/pico-sdk/src/rp2_common/hardware_timer/timer.c.obj
 *fill*         0x0000000010006806        0x2 
 .rodata.str1.4
                0x0000000010006808       0x95 CMakeFiles/blink.dir/home/baydev/Desktop/xx/pico/pico-sdk/src/common/pico_sync/mutex.c.obj
                                        0x101 (size before relaxing)
 *fill*         0x000000001000689d        0x3 
 .rodata.__func__.4700
                0x00000000100068a0        0xb CMakeFiles/blink.dir/home/baydev/Desktop/xx/pico/pico-sdk/src/common/pico_sync/mutex.c.obj
 .rodata.ph_add_child_node.str1.4
                0x00000000100068ab       0xa2 CMakeFiles/blink.dir/home/baydev/Desktop/xx/pico/pico-sdk/src/common/pico_util/pheap.c.obj
 *fill*         0x00000000100068ab        0x1 
 .rodata.ph_remove_any_head.str1.4
                0x00000000100068ac       0x98 CMakeFiles/blink.dir/home/baydev/Desktop/xx/pico/pico-sdk/src/common/pico_util/pheap.c.obj
 .rodata.ph_remove_and_free_node.str1.4
                0x0000000010006944       0x26 CMakeFiles/blink.dir/home/baydev/Desktop/xx/pico/pico-sdk/src/common/pico_util/pheap.c.obj
 *fill*         0x000000001000696a        0x2 
 .rodata.__func__.5708
                0x000000001000696c        0xc CMakeFiles/blink.dir/home/baydev/Desktop/xx/pico/pico-sdk/src/common/pico_util/pheap.c.obj
 .rodata.__func__.5715
                0x0000000010006978       0x12 CMakeFiles/blink.dir/home/baydev/Desktop/xx/pico/pico-sdk/src/common/pico_util/pheap.c.obj
 *fill*         0x000000001000698a        0x2 
 .rodata.__func__.5801
                0x000000001000698c       0x13 CMakeFiles/blink.dir/home/baydev/Desktop/xx/pico/pico-sdk/src/common/pico_util/pheap.c.obj
 *fill*         0x000000001000699f        0x1 
 .rodata.__func__.5819
                0x00000000100069a0       0x18 CMakeFiles/blink.dir/home/baydev/Desktop/xx/pico/pico-sdk/src/common/pico_util/pheap.c.obj
 .rodata.__assert_func.str1.4
                0x00000000100069b8       0x3f CMakeFiles/blink.dir/home/baydev/Desktop/xx/pico/pico-sdk/src/rp2_common/pico_runtime/runtime.c.obj
                                         0x43 (size before relaxing)
 *fill*         0x00000000100069f7        0x1 
 .rodata.runtime_init.str1.4
                0x00000000100069f8       0x6c CMakeFiles/blink.dir/home/baydev/Desktop/xx/pico/pico-sdk/src/rp2_common/pico_runtime/runtime.c.obj
 .rodata.panic.str1.4
                0x0000000010006a64       0x12 CMakeFiles/blink.dir/home/baydev/Desktop/xx/pico/pico-sdk/src/rp2_common/pico_runtime/runtime.c.obj
 *fill*         0x0000000010006a76        0x2 
 .rodata.__func__.5816
                0x0000000010006a78        0xd CMakeFiles/blink.dir/home/baydev/Desktop/xx/pico/pico-sdk/src/rp2_common/pico_runtime/runtime.c.obj
 *fill*         0x0000000010006a85        0x3 
 .rodata.clock_configure.str1.4
                0x0000000010006a88       0x62 CMakeFiles/blink.dir/home/baydev/Desktop/xx/pico/pico-sdk/src/rp2_common/hardware_clocks/clocks.c.obj
 *fill*         0x0000000010006aea        0x2 
 .rodata.__func__.4688
                0x0000000010006aec       0x10 CMakeFiles/blink.dir/home/baydev/Desktop/xx/pico/pico-sdk/src/rp2_common/hardware_clocks/clocks.c.obj
 .rodata.make_branch.str1.4
                0x0000000010006afc       0x58 CMakeFiles/blink.dir/home/baydev/Desktop/xx/pico/pico-sdk/src/rp2_common/hardware_irq/irq.c.obj
 .rodata.irq_set_exclusive_handler.str1.4
                0x0000000010006b54       0x36 CMakeFiles/blink.dir/home/baydev/Desktop/xx/pico/pico-sdk/src/rp2_common/hardware_irq/irq.c.obj
 *fill*         0x0000000010006b8a        0x2 
 .rodata.irq_add_shared_handler.str1.4
                0x0000000010006b8c       0xd9 CMakeFiles/blink.dir/home/baydev/Desktop/xx/pico/pico-sdk/src/rp2_common/hardware_irq/irq.c.obj
 *fill*         0x0000000010006c65        0x3 
 .rodata.irq_remove_handler.str1.4
                0x0000000010006c68       0x2a CMakeFiles/blink.dir/home/baydev/Desktop/xx/pico/pico-sdk/src/rp2_common/hardware_irq/irq.c.obj
 *fill*         0x0000000010006c92        0x2 
 .rodata.irq_add_tail_to_free_list.str1.4
                0x0000000010006c94       0x32 CMakeFiles/blink.dir/home/baydev/Desktop/xx/pico/pico-sdk/src/rp2_common/hardware_irq/irq.c.obj
                                         0x3a (size before relaxing)
 *fill*         0x0000000010006cc6        0x2 
 .rodata.__func__.4733
                0x0000000010006cc8       0x1a CMakeFiles/blink.dir/home/baydev/Desktop/xx/pico/pico-sdk/src/rp2_common/hardware_irq/irq.c.obj
 *fill*         0x0000000010006ce2        0x2 
 .rodata.__func__.4747
                0x0000000010006ce4        0xc CMakeFiles/blink.dir/home/baydev/Desktop/xx/pico/pico-sdk/src/rp2_common/hardware_irq/irq.c.obj
 .rodata.__func__.4755
                0x0000000010006cf0       0x17 CMakeFiles/blink.dir/home/baydev/Desktop/xx/pico/pico-sdk/src/rp2_common/hardware_irq/irq.c.obj
 *fill*         0x0000000010006d07        0x1 
 .rodata.__func__.4759
                0x0000000010006d08        0xf CMakeFiles/blink.dir/home/baydev/Desktop/xx/pico/pico-sdk/src/rp2_common/hardware_irq/irq.c.obj
 *fill*         0x0000000010006d17        0x1 
 .rodata.__func__.4798
                0x0000000010006d18       0x13 CMakeFiles/blink.dir/home/baydev/Desktop/xx/pico/pico-sdk/src/rp2_common/hardware_irq/irq.c.obj
 *fill*         0x0000000010006d2b        0x1 
 .rodata.__func__.4821
                0x0000000010006d2c       0x1a CMakeFiles/blink.dir/home/baydev/Desktop/xx/pico/pico-sdk/src/rp2_common/hardware_irq/irq.c.obj
 *fill*         0x0000000010006d46        0x2 
 .rodata.pll_init.str1.4
                0x0000000010006d48       0xe3 CMakeFiles/blink.dir/home/baydev/Desktop/xx/pico/pico-sdk/src/rp2_common/hardware_pll/pll.c.obj
 *fill*         0x0000000010006e2b        0x1 
 .rodata.__func__.4408
                0x0000000010006e2c        0x9 CMakeFiles/blink.dir/home/baydev/Desktop/xx/pico/pico-sdk/src/rp2_common/hardware_pll/pll.c.obj
 *fill*         0x0000000010006e35        0x3 
 .rodata._ftoa.str1.4
                0x0000000010006e38       0x15 CMakeFiles/blink.dir/home/baydev/Desktop/xx/pico/pico-sdk/src/rp2_common/pico_printf/printf.c.obj
 *fill*         0x0000000010006e4d        0x3 
 .rodata._vsnprintf
                0x0000000010006e50      0x1e0 CMakeFiles/blink.dir/home/baydev/Desktop/xx/pico/pico-sdk/src/rp2_common/pico_printf/printf.c.obj
 .rodata.pow10.5422
                0x0000000010007030       0x50 CMakeFiles/blink.dir/home/baydev/Desktop/xx/pico/pico-sdk/src/rp2_common/pico_printf/printf.c.obj
 .rodata.__aeabi_double_init.str1.4
                0x0000000010007080       0xb3 CMakeFiles/blink.dir/home/baydev/Desktop/xx/pico/pico-sdk/src/rp2_common/pico_double/double_init_rom.c.obj
 *fill*         0x0000000010007133        0x1 
 .rodata.__func__.4719
                0x0000000010007134       0x14 CMakeFiles/blink.dir/home/baydev/Desktop/xx/pico/pico-sdk/src/rp2_common/pico_double/double_init_rom.c.obj
 .rodata.__aeabi_float_init.str1.4
                0x0000000010007148       0x85 CMakeFiles/blink.dir/home/baydev/Desktop/xx/pico/pico-sdk/src/rp2_common/pico_float/float_init_rom.c.obj
                                         0x89 (size before relaxing)
 *fill*         0x00000000100071cd        0x3 
 .rodata.__func__.4720
                0x00000000100071d0       0x13 CMakeFiles/blink.dir/home/baydev/Desktop/xx/pico/pico-sdk/src/rp2_common/pico_float/float_init_rom.c.obj
 *fill*         0x00000000100071e3        0x1 
 .rodata.str1.4
                0x00000000100071e4       0x3c CMakeFiles/blink.dir/home/baydev/Desktop/xx/pico/pico-sdk/src/rp2_common/pico_standard_link/binary_info.c.obj
 .rodata.__bi_44
                0x0000000010007220        0xc CMakeFiles/blink.dir/home/baydev/Desktop/xx/pico/pico-sdk/src/rp2_common/pico_standard_link/binary_info.c.obj
 .rodata.__bi_75
                0x000000001000722c        0xc CMakeFiles/blink.dir/home/baydev/Desktop/xx/pico/pico-sdk/src/rp2_common/pico_standard_link/binary_info.c.obj
 .rodata.__bi_81
                0x0000000010007238        0xc CMakeFiles/blink.dir/home/baydev/Desktop/xx/pico/pico-sdk/src/rp2_common/pico_standard_link/binary_info.c.obj
 .rodata.crlf_str.6051
                0x0000000010007244        0x2 CMakeFiles/blink.dir/home/baydev/Desktop/xx/pico/pico-sdk/src/rp2_common/pico_stdio/stdio.c.obj
 *fill*         0x0000000010007246        0x2 
 .rodata.str1.4
                0x0000000010007248       0x2c CMakeFiles/blink.dir/home/baydev/Desktop/xx/pico/pico-sdk/src/rp2_common/pico_stdio_uart/stdio_uart.c.obj
 .rodata.__bi_28.4752
                0x0000000010007274        0xc CMakeFiles/blink.dir/home/baydev/Desktop/xx/pico/pico-sdk/src/rp2_common/pico_stdio_uart/stdio_uart.c.obj
 .rodata.__bi_29.4756
                0x0000000010007280        0x8 CMakeFiles/blink.dir/home/baydev/Desktop/xx/pico/pico-sdk/src/rp2_common/pico_stdio_uart/stdio_uart.c.obj
 .rodata.str1.4
                0x0000000010007288        0x5 libFreeRTOS.a(tasks.c.obj)
 *fill*         0x000000001000728d        0x3 
 .rodata        0x0000000010007290       0x28 libFreeRTOS.a(timers.c.obj)
 .rodata.str1.4
                0x00000000100072b8       0x10 libFreeRTOS.a(timers.c.obj)
                0x00000000100072c8                . = ALIGN (0x4)
 *(SORT_BY_ALIGNMENT(SORT_BY_NAME(.flashdata*)))
                0x00000000100072c8                . = ALIGN (0x4)

.rel.dyn        0x00000000100072c8        0x0
 .rel.iplt      0x00000000100072c8        0x0 /usr/lib/gcc/arm-none-eabi/9.2.1/thumb/v6-m/nofp/crtbegin.o

.ARM.extab
 *(.ARM.extab* .gnu.linkonce.armextab.*)
                0x00000000100072c8                __exidx_start = .

.ARM.exidx
 *(.ARM.exidx* .gnu.linkonce.armexidx.*)
                0x00000000100072c8                __exidx_end = .
                0x00000000100072c8                . = ALIGN (0x4)
                0x00000000100072c8                __binary_info_start = .

.binary_info    0x00000000100072c8       0x24
 *(.binary_info.keep.*)
 .binary_info.keep.__bi_ptr22
                0x00000000100072c8        0x4 CMakeFiles/blink.dir/home/baydev/Desktop/xx/pico/pico-sdk/src/rp2_common/pico_standard_link/binary_info.c.obj
 .binary_info.keep.__bi_ptr30
                0x00000000100072cc        0x4 CMakeFiles/blink.dir/home/baydev/Desktop/xx/pico/pico-sdk/src/rp2_common/pico_standard_link/binary_info.c.obj
 .binary_info.keep.__bi_ptr38
                0x00000000100072d0        0x4 CMakeFiles/blink.dir/home/baydev/Desktop/xx/pico/pico-sdk/src/rp2_common/pico_standard_link/binary_info.c.obj
 .binary_info.keep.__bi_ptr44
                0x00000000100072d4        0x4 CMakeFiles/blink.dir/home/baydev/Desktop/xx/pico/pico-sdk/src/rp2_common/pico_standard_link/binary_info.c.obj
 .binary_info.keep.__bi_ptr50
                0x00000000100072d8        0x4 CMakeFiles/blink.dir/home/baydev/Desktop/xx/pico/pico-sdk/src/rp2_common/pico_standard_link/binary_info.c.obj
 .binary_info.keep.__bi_ptr75
                0x00000000100072dc        0x4 CMakeFiles/blink.dir/home/baydev/Desktop/xx/pico/pico-sdk/src/rp2_common/pico_standard_link/binary_info.c.obj
 .binary_info.keep.__bi_ptr81
                0x00000000100072e0        0x4 CMakeFiles/blink.dir/home/baydev/Desktop/xx/pico/pico-sdk/src/rp2_common/pico_standard_link/binary_info.c.obj
 *(.binary_info.*)
 .binary_info.__bi_ptr28
                0x00000000100072e4        0x4 CMakeFiles/blink.dir/home/baydev/Desktop/xx/pico/pico-sdk/src/rp2_common/pico_stdio_uart/stdio_uart.c.obj
 .binary_info.__bi_ptr29
                0x00000000100072e8        0x4 CMakeFiles/blink.dir/home/baydev/Desktop/xx/pico/pico-sdk/src/rp2_common/pico_stdio_uart/stdio_uart.c.obj
                0x00000000100072ec                __binary_info_end = .
                0x00000000100072ec                . = ALIGN (0x4)
                0x00000000100072ec                __etext = .

.ram_vector_table
                0x0000000020000000       0xc0
 *(.ram_vector_table)
 .ram_vector_table
                0x0000000020000000       0xc0 CMakeFiles/blink.dir/home/baydev/Desktop/xx/pico/pico-sdk/src/rp2_common/pico_runtime/runtime.c.obj
                0x0000000020000000                ram_vector_table

.data           0x00000000200000c0      0x1c8 load address 0x00000000100072ec
                0x00000000200000c0                __data_start__ = .
 *(vtable)
 *(.time_critical*)
 .time_critical.mutex_enter_blocking
                0x00000000200000c0       0x48 CMakeFiles/blink.dir/home/baydev/Desktop/xx/pico/pico-sdk/src/common/pico_sync/mutex.c.obj
                0x00000000200000c0                mutex_enter_blocking
 .time_critical.mutex_try_enter
                0x0000000020000108       0x48 CMakeFiles/blink.dir/home/baydev/Desktop/xx/pico/pico-sdk/src/common/pico_sync/mutex.c.obj
                0x0000000020000108                mutex_try_enter
 .time_critical.mutex_exit
                0x0000000020000150       0x4c CMakeFiles/blink.dir/home/baydev/Desktop/xx/pico/pico-sdk/src/common/pico_sync/mutex.c.obj
                0x0000000020000150                mutex_exit
 *(.text*)
 .text          0x000000002000019c        0x4 /usr/lib/gcc/arm-none-eabi/9.2.1/thumb/v6-m/nofp/libgcc.a(_dvmd_tls.o)
                0x000000002000019c                __aeabi_ldiv0
                0x000000002000019c                __aeabi_idiv0
 .text.__stub   0x00000000200001a0       0x10 linker stubs
                0x00000000200001b0                . = ALIGN (0x4)
 *(.rodata*)
                0x00000000200001b0                . = ALIGN (0x4)
 *(.data*)
 .data.striped_spin_lock_num
                0x00000000200001b0        0x1 CMakeFiles/blink.dir/home/baydev/Desktop/xx/pico/pico-sdk/src/rp2_common/hardware_sync/sync.c.obj
 *fill*         0x00000000200001b1        0x3 
 .data.default_alarm_pool
                0x00000000200001b4       0x18 CMakeFiles/blink.dir/home/baydev/Desktop/xx/pico/pico-sdk/src/common/pico_time/time.c.obj
 .data.default_alarm_pool_heap
                0x00000000200001cc       0x10 CMakeFiles/blink.dir/home/baydev/Desktop/xx/pico/pico-sdk/src/common/pico_time/time.c.obj
 .data          0x00000000200001dc       0x48 CMakeFiles/blink.dir/home/baydev/Desktop/xx/pico/pico-sdk/src/rp2_common/hardware_irq/irq_handler_chain.S.obj
                0x00000000200001dc                irq_handler_chain_slots
                0x000000002000020c                irq_handler_chain_first_slot
                0x0000000020000216                irq_handler_chain_remove_tail
 *fill*         0x0000000020000224        0xc 
 .data.aeabi_bits_funcs
                0x0000000020000230       0x10 CMakeFiles/blink.dir/home/baydev/Desktop/xx/pico/pico-sdk/src/rp2_common/pico_bit_ops/bit_ops_aeabi.S.obj
                0x0000000020000230                aeabi_bits_funcs
                0x0000000020000240                aeabi_bits_funcs_end
 .data.aeabi_mem_funcs
                0x0000000020000240       0x10 CMakeFiles/blink.dir/home/baydev/Desktop/xx/pico/pico-sdk/src/rp2_common/pico_mem_ops/mem_ops_aeabi.S.obj
                0x0000000020000240                aeabi_mem_funcs
                0x0000000020000250                aeabi_mem_funcs_end
 .data.stdio_uart
                0x0000000020000250       0x14 CMakeFiles/blink.dir/home/baydev/Desktop/xx/pico/pico-sdk/src/rp2_common/pico_stdio_uart/stdio_uart.c.obj
                0x0000000020000250                stdio_uart
 .data          0x0000000020000264        0x4 libFreeRTOS.a(tasks.c.obj)
                0x0000000020000264                uxTopUsedPriority
 .data          0x0000000020000268        0x4 libFreeRTOS.a(port.c.obj)
                0x000000002000026c                . = ALIGN (0x4)
 *(.after_data.*)
                0x000000002000026c                . = ALIGN (0x4)
                0x000000002000026c                PROVIDE (__mutex_array_start = .)
 *(SORT_BY_NAME(.mutex_array.*))
 *(.mutex_array)
 .mutex_array   0x000000002000026c        0x8 CMakeFiles/blink.dir/home/baydev/Desktop/xx/pico/pico-sdk/src/rp2_common/pico_stdio/stdio.c.obj
                0x0000000020000274                PROVIDE (__mutex_array_end = .)
                0x0000000020000274                . = ALIGN (0x4)
                0x0000000020000274                PROVIDE (__preinit_array_start = .)
 *(SORT_BY_NAME(.preinit_array.*))
 .preinit_array.00001
                0x0000000020000274        0x4 CMakeFiles/blink.dir/home/baydev/Desktop/xx/pico/pico-sdk/src/rp2_common/pico_mem_ops/mem_ops_aeabi.S.obj
 .preinit_array.00010
                0x0000000020000278        0x4 CMakeFiles/blink.dir/home/baydev/Desktop/xx/pico/pico-sdk/src/rp2_common/pico_bit_ops/bit_ops_aeabi.S.obj
 .preinit_array.00020
                0x000000002000027c        0x4 CMakeFiles/blink.dir/home/baydev/Desktop/xx/pico/pico-sdk/src/rp2_common/pico_double/double_aeabi.S.obj
 .preinit_array.00020
                0x0000000020000280        0x4 CMakeFiles/blink.dir/home/baydev/Desktop/xx/pico/pico-sdk/src/rp2_common/pico_float/float_aeabi.S.obj
 *(.preinit_array)
                0x0000000020000284                PROVIDE (__preinit_array_end = .)
                0x0000000020000284                . = ALIGN (0x4)
                0x0000000020000284                PROVIDE (__init_array_start = .)
 *(SORT_BY_NAME(.init_array.*))
 *(.init_array)
 .init_array    0x0000000020000284        0x4 /usr/lib/gcc/arm-none-eabi/9.2.1/thumb/v6-m/nofp/crtbegin.o
                0x0000000020000288                PROVIDE (__init_array_end = .)
                0x0000000020000288                . = ALIGN (0x4)
                0x0000000020000288                PROVIDE (__fini_array_start = .)
 *(SORT_BY_NAME(.fini_array.*))
 *(.fini_array)
                0x0000000020000288                PROVIDE (__fini_array_end = .)
 *(.jcr)
                0x0000000020000288                . = ALIGN (0x4)
                0x0000000020000288                __data_end__ = .

.tm_clone_table
                0x0000000020000288        0x0 load address 0x00000000100074b4
 .tm_clone_table
                0x0000000020000288        0x0 /usr/lib/gcc/arm-none-eabi/9.2.1/thumb/v6-m/nofp/crtbegin.o
 .tm_clone_table
                0x0000000020000288        0x0 /usr/lib/gcc/arm-none-eabi/9.2.1/thumb/v6-m/nofp/crtend.o

.igot.plt       0x0000000020000288        0x0 load address 0x00000000100074b4
 .igot.plt      0x0000000020000288        0x0 /usr/lib/gcc/arm-none-eabi/9.2.1/thumb/v6-m/nofp/crtbegin.o

.uninitialized_data
                0x0000000020000288        0x0 load address 0x00000000100074b4
                0x0000000020000288                . = ALIGN (0x4)
 *(.uninitialized_data*)

.scratch_x      0x0000000020040000        0x0 load address 0x00000000100074b4
                0x0000000020040000                __scratch_x_start__ = .
 *(.scratch_x.*)
                0x0000000020040000                . = ALIGN (0x4)
                0x0000000020040000                __scratch_x_end__ = .
                0x00000000100074b4                __scratch_x_source__ = LOADADDR (.scratch_x)

.scratch_y      0x0000000020041000        0x0 load address 0x00000000100074b4
                0x0000000020041000                __scratch_y_start__ = .
 *(.scratch_y.*)
                0x0000000020041000                . = ALIGN (0x4)
                0x0000000020041000                __scratch_y_end__ = .
                0x00000000100074b4                __scratch_y_source__ = LOADADDR (.scratch_y)

.bss            0x0000000020000288     0xc8bc
                0x0000000020000288                . = ALIGN (0x4)
                0x0000000020000288                __bss_start__ = .
 *(SORT_BY_ALIGNMENT(SORT_BY_NAME(.bss*)))
 .bss.default_alarm_pool_entries
                0x0000000020000288      0x100 CMakeFiles/blink.dir/home/baydev/Desktop/xx/pico/pico-sdk/src/common/pico_time/time.c.obj
 .bss           0x0000000020000388       0x1c /usr/lib/gcc/arm-none-eabi/9.2.1/thumb/v6-m/nofp/crtbegin.o
 .bss           0x00000000200003a4       0xf0 libFreeRTOS.a(tasks.c.obj)
                0x0000000020000468                pxCurrentTCB
 .bss           0x0000000020000494       0x3c libFreeRTOS.a(timers.c.obj)
 .bss           0x00000000200004d0     0xc370 libFreeRTOS.a(heap_4.c.obj)
 .bss.alarm_callbacks
                0x000000002000c840       0x10 CMakeFiles/blink.dir/home/baydev/Desktop/xx/pico/pico-sdk/src/rp2_common/hardware_timer/timer.c.obj
 .bss.configured_freq
                0x000000002000c850       0x28 CMakeFiles/blink.dir/home/baydev/Desktop/xx/pico/pico-sdk/src/rp2_common/hardware_clocks/clocks.c.obj
 .bss.default_alarm_pool_entry_ids_high
                0x000000002000c878       0x10 CMakeFiles/blink.dir/home/baydev/Desktop/xx/pico/pico-sdk/src/common/pico_time/time.c.obj
 .bss.default_alarm_pool_heap_nodes
                0x000000002000c888       0x30 CMakeFiles/blink.dir/home/baydev/Desktop/xx/pico/pico-sdk/src/common/pico_time/time.c.obj
 .bss.drivers   0x000000002000c8b8        0x4 CMakeFiles/blink.dir/home/baydev/Desktop/xx/pico/pico-sdk/src/rp2_common/pico_stdio/stdio.c.obj
 .bss.filter    0x000000002000c8bc        0x4 CMakeFiles/blink.dir/home/baydev/Desktop/xx/pico/pico-sdk/src/rp2_common/pico_stdio/stdio.c.obj
 .bss.pools     0x000000002000c8c0       0x10 CMakeFiles/blink.dir/home/baydev/Desktop/xx/pico/pico-sdk/src/common/pico_time/time.c.obj
 .bss.sf_clz_func
                0x000000002000c8d0        0x4 CMakeFiles/blink.dir/home/baydev/Desktop/xx/pico/pico-sdk/src/rp2_common/pico_double/double_init_rom.c.obj
                0x000000002000c8d0                sf_clz_func
 .bss.sleep_notifier
                0x000000002000c8d4        0x4 CMakeFiles/blink.dir/home/baydev/Desktop/xx/pico/pico-sdk/src/common/pico_time/time.c.obj
 .bss.target_hi
                0x000000002000c8d8       0x10 CMakeFiles/blink.dir/home/baydev/Desktop/xx/pico/pico-sdk/src/rp2_common/hardware_timer/timer.c.obj
 .bss.uart_instance
                0x000000002000c8e8        0x4 CMakeFiles/blink.dir/home/baydev/Desktop/xx/pico/pico-sdk/src/rp2_common/pico_stdio_uart/stdio_uart.c.obj
 .bss.claimed   0x000000002000c8ec        0x1 CMakeFiles/blink.dir/home/baydev/Desktop/xx/pico/pico-sdk/src/rp2_common/hardware_timer/timer.c.obj
 .bss.irq_hander_chain_free_slot_head
                0x000000002000c8ed        0x1 CMakeFiles/blink.dir/home/baydev/Desktop/xx/pico/pico-sdk/src/rp2_common/hardware_irq/irq.c.obj
 .bss.timer_callbacks_pending
                0x000000002000c8ee        0x1 CMakeFiles/blink.dir/home/baydev/Desktop/xx/pico/pico-sdk/src/rp2_common/hardware_timer/timer.c.obj
 *(COMMON)
 *fill*         0x000000002000c8ef        0x1 
 COMMON         0x000000002000c8f0        0x4 CMakeFiles/blink.dir/home/baydev/Desktop/xx/pico/pico-sdk/src/rp2_common/hardware_uart/uart.c.obj
                0x000000002000c8f0                uart_char_to_line_feed
 COMMON         0x000000002000c8f4      0x100 CMakeFiles/blink.dir/home/baydev/Desktop/xx/pico/pico-sdk/src/rp2_common/pico_double/double_init_rom.c.obj
                0x000000002000c8f4                sd_table
 COMMON         0x000000002000c9f4      0x100 CMakeFiles/blink.dir/home/baydev/Desktop/xx/pico/pico-sdk/src/rp2_common/pico_float/float_init_rom.c.obj
                0x000000002000c9f4                sf_table
 COMMON         0x000000002000caf4       0x50 libFreeRTOS.a(queue.c.obj)
                0x000000002000caf4                xQueueRegistry
                0x000000002000cb44                . = ALIGN (0x4)
                0x000000002000cb44                __bss_end__ = .

.heap           0x000000002000cb44      0x800
                0x000000002000cb44                __end__ = .
                0x000000002000cb44                end = __end__
 *(.heap*)
 .heap          0x000000002000cb44      0x800 CMakeFiles/blink.dir/home/baydev/Desktop/xx/pico/pico-sdk/src/rp2_common/pico_standard_link/crt0.S.obj
                0x000000002000d344                __HeapLimit = .

.stack1_dummy   0x0000000020040000        0x0
 *(.stack1*)

.stack_dummy    0x0000000020041000      0x800
 *(.stack*)
 .stack         0x0000000020041000      0x800 CMakeFiles/blink.dir/home/baydev/Desktop/xx/pico/pico-sdk/src/rp2_common/pico_standard_link/crt0.S.obj

.flash_end      0x00000000100074b4        0x0
                0x00000000100074b4                __flash_binary_end = .
                0x0000000020040000                __StackLimit = (ORIGIN (RAM) + LENGTH (RAM))
                0x0000000020041000                __StackOneTop = (ORIGIN (SCRATCH_X) + LENGTH (SCRATCH_X))
                0x0000000020042000                __StackTop = (ORIGIN (SCRATCH_Y) + LENGTH (SCRATCH_Y))
                0x0000000020041000                __StackOneBottom = (__StackOneTop - SIZEOF (.stack1_dummy))
                0x0000000020041800                __StackBottom = (__StackTop - SIZEOF (.stack_dummy))
                0x0000000020042000                PROVIDE (__stack = __StackTop)
                0x0000000000000001                ASSERT ((__StackLimit >= __HeapLimit), region RAM overflowed)
                0x0000000000000001                ASSERT (((__binary_info_header_end - __logical_binary_start) <= 0x100), Binary info must be in first 256 bytes of the binary)
LOAD CMakeFiles/blink.dir/src/main.c.obj
LOAD CMakeFiles/blink.dir/home/baydev/Desktop/xx/pico/pico-sdk/src/rp2_common/pico_stdlib/stdlib.c.obj
LOAD CMakeFiles/blink.dir/home/baydev/Desktop/xx/pico/pico-sdk/src/rp2_common/hardware_gpio/gpio.c.obj
LOAD CMakeFiles/blink.dir/home/baydev/Desktop/xx/pico/pico-sdk/src/rp2_common/hardware_claim/claim.c.obj
LOAD CMakeFiles/blink.dir/home/baydev/Desktop/xx/pico/pico-sdk/src/rp2_common/pico_platform/platform.c.obj
LOAD CMakeFiles/blink.dir/home/baydev/Desktop/xx/pico/pico-sdk/src/rp2_common/hardware_sync/sync.c.obj
LOAD CMakeFiles/blink.dir/home/baydev/Desktop/xx/pico/pico-sdk/src/rp2_common/hardware_uart/uart.c.obj
LOAD CMakeFiles/blink.dir/home/baydev/Desktop/xx/pico/pico-sdk/src/rp2_common/hardware_divider/divider.S.obj
LOAD CMakeFiles/blink.dir/home/baydev/Desktop/xx/pico/pico-sdk/src/common/pico_time/time.c.obj
LOAD CMakeFiles/blink.dir/home/baydev/Desktop/xx/pico/pico-sdk/src/common/pico_time/timeout_helper.c.obj
LOAD CMakeFiles/blink.dir/home/baydev/Desktop/xx/pico/pico-sdk/src/rp2_common/hardware_timer/timer.c.obj
LOAD CMakeFiles/blink.dir/home/baydev/Desktop/xx/pico/pico-sdk/src/common/pico_sync/sem.c.obj
LOAD CMakeFiles/blink.dir/home/baydev/Desktop/xx/pico/pico-sdk/src/common/pico_sync/lock_core.c.obj
LOAD CMakeFiles/blink.dir/home/baydev/Desktop/xx/pico/pico-sdk/src/common/pico_sync/mutex.c.obj
LOAD CMakeFiles/blink.dir/home/baydev/Desktop/xx/pico/pico-sdk/src/common/pico_sync/critical_section.c.obj
LOAD CMakeFiles/blink.dir/home/baydev/Desktop/xx/pico/pico-sdk/src/common/pico_util/datetime.c.obj
LOAD CMakeFiles/blink.dir/home/baydev/Desktop/xx/pico/pico-sdk/src/common/pico_util/pheap.c.obj
LOAD CMakeFiles/blink.dir/home/baydev/Desktop/xx/pico/pico-sdk/src/common/pico_util/queue.c.obj
LOAD CMakeFiles/blink.dir/home/baydev/Desktop/xx/pico/pico-sdk/src/rp2_common/pico_runtime/runtime.c.obj
LOAD CMakeFiles/blink.dir/home/baydev/Desktop/xx/pico/pico-sdk/src/rp2_common/hardware_clocks/clocks.c.obj
LOAD CMakeFiles/blink.dir/home/baydev/Desktop/xx/pico/pico-sdk/src/rp2_common/hardware_irq/irq.c.obj
LOAD CMakeFiles/blink.dir/home/baydev/Desktop/xx/pico/pico-sdk/src/rp2_common/hardware_irq/irq_handler_chain.S.obj
LOAD CMakeFiles/blink.dir/home/baydev/Desktop/xx/pico/pico-sdk/src/rp2_common/hardware_pll/pll.c.obj
LOAD CMakeFiles/blink.dir/home/baydev/Desktop/xx/pico/pico-sdk/src/rp2_common/hardware_vreg/vreg.c.obj
LOAD CMakeFiles/blink.dir/home/baydev/Desktop/xx/pico/pico-sdk/src/rp2_common/hardware_watchdog/watchdog.c.obj
LOAD CMakeFiles/blink.dir/home/baydev/Desktop/xx/pico/pico-sdk/src/rp2_common/hardware_xosc/xosc.c.obj
LOAD CMakeFiles/blink.dir/home/baydev/Desktop/xx/pico/pico-sdk/src/rp2_common/pico_printf/printf.c.obj
LOAD CMakeFiles/blink.dir/home/baydev/Desktop/xx/pico/pico-sdk/src/rp2_common/pico_bit_ops/bit_ops_aeabi.S.obj
LOAD CMakeFiles/blink.dir/home/baydev/Desktop/xx/pico/pico-sdk/src/rp2_common/pico_bootrom/bootrom.c.obj
LOAD CMakeFiles/blink.dir/home/baydev/Desktop/xx/pico/pico-sdk/src/rp2_common/pico_divider/divider.S.obj
LOAD CMakeFiles/blink.dir/home/baydev/Desktop/xx/pico/pico-sdk/src/rp2_common/pico_double/double_aeabi.S.obj
LOAD CMakeFiles/blink.dir/home/baydev/Desktop/xx/pico/pico-sdk/src/rp2_common/pico_double/double_init_rom.c.obj
LOAD CMakeFiles/blink.dir/home/baydev/Desktop/xx/pico/pico-sdk/src/rp2_common/pico_double/double_math.c.obj
LOAD CMakeFiles/blink.dir/home/baydev/Desktop/xx/pico/pico-sdk/src/rp2_common/pico_double/double_v1_rom_shim.S.obj
LOAD CMakeFiles/blink.dir/home/baydev/Desktop/xx/pico/pico-sdk/src/rp2_common/pico_int64_ops/pico_int64_ops_aeabi.S.obj
LOAD CMakeFiles/blink.dir/home/baydev/Desktop/xx/pico/pico-sdk/src/rp2_common/pico_float/float_aeabi.S.obj
LOAD CMakeFiles/blink.dir/home/baydev/Desktop/xx/pico/pico-sdk/src/rp2_common/pico_float/float_init_rom.c.obj
LOAD CMakeFiles/blink.dir/home/baydev/Desktop/xx/pico/pico-sdk/src/rp2_common/pico_float/float_math.c.obj
LOAD CMakeFiles/blink.dir/home/baydev/Desktop/xx/pico/pico-sdk/src/rp2_common/pico_float/float_v1_rom_shim.S.obj
LOAD CMakeFiles/blink.dir/home/baydev/Desktop/xx/pico/pico-sdk/src/rp2_common/pico_malloc/pico_malloc.c.obj
LOAD CMakeFiles/blink.dir/home/baydev/Desktop/xx/pico/pico-sdk/src/rp2_common/pico_mem_ops/mem_ops_aeabi.S.obj
LOAD CMakeFiles/blink.dir/home/baydev/Desktop/xx/pico/pico-sdk/src/rp2_common/pico_standard_link/crt0.S.obj
LOAD CMakeFiles/blink.dir/home/baydev/Desktop/xx/pico/pico-sdk/src/rp2_common/pico_standard_link/new_delete.cpp.obj
LOAD CMakeFiles/blink.dir/home/baydev/Desktop/xx/pico/pico-sdk/src/rp2_common/pico_standard_link/binary_info.c.obj
LOAD CMakeFiles/blink.dir/home/baydev/Desktop/xx/pico/pico-sdk/src/rp2_common/pico_stdio/stdio.c.obj
LOAD CMakeFiles/blink.dir/home/baydev/Desktop/xx/pico/pico-sdk/src/rp2_common/pico_stdio_uart/stdio_uart.c.obj
LOAD libFreeRTOS.a
LOAD /tmp/ccduTRwM.o
LOAD /usr/lib/gcc/arm-none-eabi/9.2.1/../../../arm-none-eabi/lib/thumb/v6-m/nofp/libstdc++.a
LOAD /usr/lib/gcc/arm-none-eabi/9.2.1/../../../arm-none-eabi/lib/thumb/v6-m/nofp/libm.a
START GROUP
LOAD /usr/lib/gcc/arm-none-eabi/9.2.1/thumb/v6-m/nofp/libgcc.a
LOAD /usr/lib/gcc/arm-none-eabi/9.2.1/../../../arm-none-eabi/lib/thumb/v6-m/nofp/libg.a
LOAD /usr/lib/gcc/arm-none-eabi/9.2.1/../../../arm-none-eabi/lib/thumb/v6-m/nofp/libc.a
END GROUP
START GROUP
LOAD /usr/lib/gcc/arm-none-eabi/9.2.1/thumb/v6-m/nofp/libgcc.a
LOAD /usr/lib/gcc/arm-none-eabi/9.2.1/../../../arm-none-eabi/lib/thumb/v6-m/nofp/libc.a
LOAD /usr/lib/gcc/arm-none-eabi/9.2.1/../../../arm-none-eabi/lib/thumb/v6-m/nofp/libnosys.a
END GROUP
LOAD /usr/lib/gcc/arm-none-eabi/9.2.1/thumb/v6-m/nofp/crtend.o
LOAD /usr/lib/gcc/arm-none-eabi/9.2.1/thumb/v6-m/nofp/crtn.o
OUTPUT(blink.elf elf32-littlearm)
LOAD linker stubs

.ARM.attributes
                0x0000000000000000       0x28
 .ARM.attributes
                0x0000000000000000       0x1e /usr/lib/gcc/arm-none-eabi/9.2.1/thumb/v6-m/nofp/crti.o
 .ARM.attributes
                0x000000000000001e       0x2c /usr/lib/gcc/arm-none-eabi/9.2.1/thumb/v6-m/nofp/crtbegin.o
 .ARM.attributes
                0x000000000000004a       0x2c CMakeFiles/blink.dir/src/main.c.obj
 .ARM.attributes
                0x0000000000000076       0x2c CMakeFiles/blink.dir/home/baydev/Desktop/xx/pico/pico-sdk/src/rp2_common/hardware_gpio/gpio.c.obj
 .ARM.attributes
                0x00000000000000a2       0x2c CMakeFiles/blink.dir/home/baydev/Desktop/xx/pico/pico-sdk/src/rp2_common/hardware_claim/claim.c.obj
 .ARM.attributes
                0x00000000000000ce       0x2c CMakeFiles/blink.dir/home/baydev/Desktop/xx/pico/pico-sdk/src/rp2_common/pico_platform/platform.c.obj
 .ARM.attributes
                0x00000000000000fa       0x2c CMakeFiles/blink.dir/home/baydev/Desktop/xx/pico/pico-sdk/src/rp2_common/hardware_sync/sync.c.obj
 .ARM.attributes
                0x0000000000000126       0x2c CMakeFiles/blink.dir/home/baydev/Desktop/xx/pico/pico-sdk/src/rp2_common/hardware_uart/uart.c.obj
 .ARM.attributes
                0x0000000000000152       0x2c CMakeFiles/blink.dir/home/baydev/Desktop/xx/pico/pico-sdk/src/common/pico_time/time.c.obj
 .ARM.attributes
                0x000000000000017e       0x2c CMakeFiles/blink.dir/home/baydev/Desktop/xx/pico/pico-sdk/src/rp2_common/hardware_timer/timer.c.obj
 .ARM.attributes
                0x00000000000001aa       0x2c CMakeFiles/blink.dir/home/baydev/Desktop/xx/pico/pico-sdk/src/common/pico_sync/lock_core.c.obj
 .ARM.attributes
                0x00000000000001d6       0x2c CMakeFiles/blink.dir/home/baydev/Desktop/xx/pico/pico-sdk/src/common/pico_sync/mutex.c.obj
 .ARM.attributes
                0x0000000000000202       0x2c CMakeFiles/blink.dir/home/baydev/Desktop/xx/pico/pico-sdk/src/common/pico_util/pheap.c.obj
 .ARM.attributes
                0x000000000000022e       0x2c CMakeFiles/blink.dir/home/baydev/Desktop/xx/pico/pico-sdk/src/rp2_common/pico_runtime/runtime.c.obj
 .ARM.attributes
                0x000000000000025a       0x2c CMakeFiles/blink.dir/home/baydev/Desktop/xx/pico/pico-sdk/src/rp2_common/hardware_clocks/clocks.c.obj
 .ARM.attributes
                0x0000000000000286       0x2c CMakeFiles/blink.dir/home/baydev/Desktop/xx/pico/pico-sdk/src/rp2_common/hardware_irq/irq.c.obj
 .ARM.attributes
                0x00000000000002b2       0x22 CMakeFiles/blink.dir/home/baydev/Desktop/xx/pico/pico-sdk/src/rp2_common/hardware_irq/irq_handler_chain.S.obj
 .ARM.attributes
                0x00000000000002d4       0x2c CMakeFiles/blink.dir/home/baydev/Desktop/xx/pico/pico-sdk/src/rp2_common/hardware_pll/pll.c.obj
 .ARM.attributes
                0x0000000000000300       0x2c CMakeFiles/blink.dir/home/baydev/Desktop/xx/pico/pico-sdk/src/rp2_common/hardware_watchdog/watchdog.c.obj
 .ARM.attributes
                0x000000000000032c       0x2c CMakeFiles/blink.dir/home/baydev/Desktop/xx/pico/pico-sdk/src/rp2_common/hardware_xosc/xosc.c.obj
 .ARM.attributes
                0x0000000000000358       0x2c CMakeFiles/blink.dir/home/baydev/Desktop/xx/pico/pico-sdk/src/rp2_common/pico_printf/printf.c.obj
 .ARM.attributes
                0x0000000000000384       0x22 CMakeFiles/blink.dir/home/baydev/Desktop/xx/pico/pico-sdk/src/rp2_common/pico_bit_ops/bit_ops_aeabi.S.obj
 .ARM.attributes
                0x00000000000003a6       0x2c CMakeFiles/blink.dir/home/baydev/Desktop/xx/pico/pico-sdk/src/rp2_common/pico_bootrom/bootrom.c.obj
 .ARM.attributes
                0x00000000000003d2       0x22 CMakeFiles/blink.dir/home/baydev/Desktop/xx/pico/pico-sdk/src/rp2_common/pico_divider/divider.S.obj
 .ARM.attributes
                0x00000000000003f4       0x22 CMakeFiles/blink.dir/home/baydev/Desktop/xx/pico/pico-sdk/src/rp2_common/pico_double/double_aeabi.S.obj
 .ARM.attributes
                0x0000000000000416       0x2c CMakeFiles/blink.dir/home/baydev/Desktop/xx/pico/pico-sdk/src/rp2_common/pico_double/double_init_rom.c.obj
 .ARM.attributes
                0x0000000000000442       0x22 CMakeFiles/blink.dir/home/baydev/Desktop/xx/pico/pico-sdk/src/rp2_common/pico_double/double_v1_rom_shim.S.obj
 .ARM.attributes
                0x0000000000000464       0x22 CMakeFiles/blink.dir/home/baydev/Desktop/xx/pico/pico-sdk/src/rp2_common/pico_float/float_aeabi.S.obj
 .ARM.attributes
                0x0000000000000486       0x2c CMakeFiles/blink.dir/home/baydev/Desktop/xx/pico/pico-sdk/src/rp2_common/pico_float/float_init_rom.c.obj
 .ARM.attributes
                0x00000000000004b2       0x22 CMakeFiles/blink.dir/home/baydev/Desktop/xx/pico/pico-sdk/src/rp2_common/pico_float/float_v1_rom_shim.S.obj
 .ARM.attributes
                0x00000000000004d4       0x22 CMakeFiles/blink.dir/home/baydev/Desktop/xx/pico/pico-sdk/src/rp2_common/pico_mem_ops/mem_ops_aeabi.S.obj
 .ARM.attributes
                0x00000000000004f6       0x22 CMakeFiles/blink.dir/home/baydev/Desktop/xx/pico/pico-sdk/src/rp2_common/pico_standard_link/crt0.S.obj
 .ARM.attributes
                0x0000000000000518       0x32 CMakeFiles/blink.dir/home/baydev/Desktop/xx/pico/pico-sdk/src/rp2_common/pico_standard_link/binary_info.c.obj
 .ARM.attributes
                0x000000000000054a       0x2c CMakeFiles/blink.dir/home/baydev/Desktop/xx/pico/pico-sdk/src/rp2_common/pico_stdio/stdio.c.obj
 .ARM.attributes
                0x0000000000000576       0x2c CMakeFiles/blink.dir/home/baydev/Desktop/xx/pico/pico-sdk/src/rp2_common/pico_stdio_uart/stdio_uart.c.obj
 .ARM.attributes
                0x00000000000005a2       0x2c libFreeRTOS.a(tasks.c.obj)
 .ARM.attributes
                0x00000000000005ce       0x2c libFreeRTOS.a(timers.c.obj)
 .ARM.attributes
                0x00000000000005fa       0x2c libFreeRTOS.a(port.c.obj)
 .ARM.attributes
                0x0000000000000626       0x2c libFreeRTOS.a(heap_4.c.obj)
 .ARM.attributes
                0x0000000000000652       0x2c libFreeRTOS.a(list.c.obj)
 .ARM.attributes
                0x000000000000067e       0x2c libFreeRTOS.a(queue.c.obj)
 .ARM.attributes
                0x00000000000006aa       0x22 /tmp/ccduTRwM.o
 .ARM.attributes
                0x00000000000006cc       0x1e /usr/lib/gcc/arm-none-eabi/9.2.1/thumb/v6-m/nofp/libgcc.a(_dvmd_tls.o)
 .ARM.attributes
                0x00000000000006ea       0x2c /usr/lib/gcc/arm-none-eabi/9.2.1/../../../arm-none-eabi/lib/thumb/v6-m/nofp/libg.a(lib_a-strlen-stub.o)
 .ARM.attributes
                0x0000000000000716       0x2c /usr/lib/gcc/arm-none-eabi/9.2.1/thumb/v6-m/nofp/crtend.o

.comment        0x0000000000000000       0x59
 .comment       0x0000000000000000       0x59 /usr/lib/gcc/arm-none-eabi/9.2.1/thumb/v6-m/nofp/crtbegin.o
                                         0x5a (size before relaxing)
 .comment       0x0000000000000059       0x5a CMakeFiles/blink.dir/src/main.c.obj
 .comment       0x0000000000000059       0x5a CMakeFiles/blink.dir/home/baydev/Desktop/xx/pico/pico-sdk/src/rp2_common/hardware_gpio/gpio.c.obj
 .comment       0x0000000000000059       0x5a CMakeFiles/blink.dir/home/baydev/Desktop/xx/pico/pico-sdk/src/rp2_common/hardware_claim/claim.c.obj
 .comment       0x0000000000000059       0x5a CMakeFiles/blink.dir/home/baydev/Desktop/xx/pico/pico-sdk/src/rp2_common/pico_platform/platform.c.obj
 .comment       0x0000000000000059       0x5a CMakeFiles/blink.dir/home/baydev/Desktop/xx/pico/pico-sdk/src/rp2_common/hardware_sync/sync.c.obj
 .comment       0x0000000000000059       0x5a CMakeFiles/blink.dir/home/baydev/Desktop/xx/pico/pico-sdk/src/rp2_common/hardware_uart/uart.c.obj
 .comment       0x0000000000000059       0x5a CMakeFiles/blink.dir/home/baydev/Desktop/xx/pico/pico-sdk/src/common/pico_time/time.c.obj
 .comment       0x0000000000000059       0x5a CMakeFiles/blink.dir/home/baydev/Desktop/xx/pico/pico-sdk/src/rp2_common/hardware_timer/timer.c.obj
 .comment       0x0000000000000059       0x5a CMakeFiles/blink.dir/home/baydev/Desktop/xx/pico/pico-sdk/src/common/pico_sync/lock_core.c.obj
 .comment       0x0000000000000059       0x5a CMakeFiles/blink.dir/home/baydev/Desktop/xx/pico/pico-sdk/src/common/pico_sync/mutex.c.obj
 .comment       0x0000000000000059       0x5a CMakeFiles/blink.dir/home/baydev/Desktop/xx/pico/pico-sdk/src/common/pico_util/pheap.c.obj
 .comment       0x0000000000000059       0x5a CMakeFiles/blink.dir/home/baydev/Desktop/xx/pico/pico-sdk/src/rp2_common/pico_runtime/runtime.c.obj
 .comment       0x0000000000000059       0x5a CMakeFiles/blink.dir/home/baydev/Desktop/xx/pico/pico-sdk/src/rp2_common/hardware_clocks/clocks.c.obj
 .comment       0x0000000000000059       0x5a CMakeFiles/blink.dir/home/baydev/Desktop/xx/pico/pico-sdk/src/rp2_common/hardware_irq/irq.c.obj
 .comment       0x0000000000000059       0x5a CMakeFiles/blink.dir/home/baydev/Desktop/xx/pico/pico-sdk/src/rp2_common/hardware_pll/pll.c.obj
 .comment       0x0000000000000059       0x5a CMakeFiles/blink.dir/home/baydev/Desktop/xx/pico/pico-sdk/src/rp2_common/hardware_watchdog/watchdog.c.obj
 .comment       0x0000000000000059       0x5a CMakeFiles/blink.dir/home/baydev/Desktop/xx/pico/pico-sdk/src/rp2_common/hardware_xosc/xosc.c.obj
 .comment       0x0000000000000059       0x5a CMakeFiles/blink.dir/home/baydev/Desktop/xx/pico/pico-sdk/src/rp2_common/pico_printf/printf.c.obj
 .comment       0x0000000000000059       0x5a CMakeFiles/blink.dir/home/baydev/Desktop/xx/pico/pico-sdk/src/rp2_common/pico_bootrom/bootrom.c.obj
 .comment       0x0000000000000059       0x5a CMakeFiles/blink.dir/home/baydev/Desktop/xx/pico/pico-sdk/src/rp2_common/pico_double/double_init_rom.c.obj
 .comment       0x0000000000000059       0x5a CMakeFiles/blink.dir/home/baydev/Desktop/xx/pico/pico-sdk/src/rp2_common/pico_float/float_init_rom.c.obj
 .comment       0x0000000000000059       0x5a CMakeFiles/blink.dir/home/baydev/Desktop/xx/pico/pico-sdk/src/rp2_common/pico_standard_link/binary_info.c.obj
 .comment       0x0000000000000059       0x5a CMakeFiles/blink.dir/home/baydev/Desktop/xx/pico/pico-sdk/src/rp2_common/pico_stdio/stdio.c.obj
 .comment       0x0000000000000059       0x5a CMakeFiles/blink.dir/home/baydev/Desktop/xx/pico/pico-sdk/src/rp2_common/pico_stdio_uart/stdio_uart.c.obj
 .comment       0x0000000000000059       0x5a libFreeRTOS.a(tasks.c.obj)
 .comment       0x0000000000000059       0x5a libFreeRTOS.a(timers.c.obj)
 .comment       0x0000000000000059       0x5a libFreeRTOS.a(port.c.obj)
 .comment       0x0000000000000059       0x5a libFreeRTOS.a(heap_4.c.obj)
 .comment       0x0000000000000059       0x5a libFreeRTOS.a(list.c.obj)
 .comment       0x0000000000000059       0x5a libFreeRTOS.a(queue.c.obj)
 .comment       0x0000000000000059       0x5a /usr/lib/gcc/arm-none-eabi/9.2.1/../../../arm-none-eabi/lib/thumb/v6-m/nofp/libg.a(lib_a-strlen-stub.o)
 .comment       0x0000000000000059       0x5a /usr/lib/gcc/arm-none-eabi/9.2.1/thumb/v6-m/nofp/crtend.o

.debug_info     0x0000000000000000    0x20d3f
 .debug_info    0x0000000000000000      0xf83 CMakeFiles/blink.dir/src/main.c.obj
 .debug_info    0x0000000000000f83     0x1479 CMakeFiles/blink.dir/home/baydev/Desktop/xx/pico/pico-sdk/src/rp2_common/hardware_gpio/gpio.c.obj
 .debug_info    0x00000000000023fc      0x6a3 CMakeFiles/blink.dir/home/baydev/Desktop/xx/pico/pico-sdk/src/rp2_common/hardware_claim/claim.c.obj
 .debug_info    0x0000000000002a9f      0x1cb CMakeFiles/blink.dir/home/baydev/Desktop/xx/pico/pico-sdk/src/rp2_common/pico_platform/platform.c.obj
 .debug_info    0x0000000000002c6a      0x576 CMakeFiles/blink.dir/home/baydev/Desktop/xx/pico/pico-sdk/src/rp2_common/hardware_sync/sync.c.obj
 .debug_info    0x00000000000031e0      0xb2e CMakeFiles/blink.dir/home/baydev/Desktop/xx/pico/pico-sdk/src/rp2_common/hardware_uart/uart.c.obj
 .debug_info    0x0000000000003d0e     0x435e CMakeFiles/blink.dir/home/baydev/Desktop/xx/pico/pico-sdk/src/common/pico_time/time.c.obj
 .debug_info    0x000000000000806c     0x10e6 CMakeFiles/blink.dir/home/baydev/Desktop/xx/pico/pico-sdk/src/rp2_common/hardware_timer/timer.c.obj
 .debug_info    0x0000000000009152      0x1e4 CMakeFiles/blink.dir/home/baydev/Desktop/xx/pico/pico-sdk/src/common/pico_sync/lock_core.c.obj
 .debug_info    0x0000000000009336     0x1feb CMakeFiles/blink.dir/home/baydev/Desktop/xx/pico/pico-sdk/src/common/pico_sync/mutex.c.obj
 .debug_info    0x000000000000b321     0x1aa5 CMakeFiles/blink.dir/home/baydev/Desktop/xx/pico/pico-sdk/src/common/pico_util/pheap.c.obj
 .debug_info    0x000000000000cdc6     0x1355 CMakeFiles/blink.dir/home/baydev/Desktop/xx/pico/pico-sdk/src/rp2_common/pico_runtime/runtime.c.obj
 .debug_info    0x000000000000e11b      0xf02 CMakeFiles/blink.dir/home/baydev/Desktop/xx/pico/pico-sdk/src/rp2_common/hardware_clocks/clocks.c.obj
 .debug_info    0x000000000000f01d     0x195a CMakeFiles/blink.dir/home/baydev/Desktop/xx/pico/pico-sdk/src/rp2_common/hardware_irq/irq.c.obj
 .debug_info    0x0000000000010977      0x4e8 CMakeFiles/blink.dir/home/baydev/Desktop/xx/pico/pico-sdk/src/rp2_common/hardware_pll/pll.c.obj
 .debug_info    0x0000000000010e5f      0xd7e CMakeFiles/blink.dir/home/baydev/Desktop/xx/pico/pico-sdk/src/rp2_common/hardware_watchdog/watchdog.c.obj
 .debug_info    0x0000000000011bdd      0x1c0 CMakeFiles/blink.dir/home/baydev/Desktop/xx/pico/pico-sdk/src/rp2_common/hardware_xosc/xosc.c.obj
 .debug_info    0x0000000000011d9d     0x1fbf CMakeFiles/blink.dir/home/baydev/Desktop/xx/pico/pico-sdk/src/rp2_common/pico_printf/printf.c.obj
 .debug_info    0x0000000000013d5c       0x22 CMakeFiles/blink.dir/home/baydev/Desktop/xx/pico/pico-sdk/src/rp2_common/pico_bit_ops/bit_ops_aeabi.S.obj
 .debug_info    0x0000000000013d7e      0x258 CMakeFiles/blink.dir/home/baydev/Desktop/xx/pico/pico-sdk/src/rp2_common/pico_bootrom/bootrom.c.obj
 .debug_info    0x0000000000013fd6       0x22 CMakeFiles/blink.dir/home/baydev/Desktop/xx/pico/pico-sdk/src/rp2_common/pico_divider/divider.S.obj
 .debug_info    0x0000000000013ff8       0x22 CMakeFiles/blink.dir/home/baydev/Desktop/xx/pico/pico-sdk/src/rp2_common/pico_double/double_aeabi.S.obj
 .debug_info    0x000000000001401a      0xb2a CMakeFiles/blink.dir/home/baydev/Desktop/xx/pico/pico-sdk/src/rp2_common/pico_double/double_init_rom.c.obj
 .debug_info    0x0000000000014b44       0x22 CMakeFiles/blink.dir/home/baydev/Desktop/xx/pico/pico-sdk/src/rp2_common/pico_double/double_v1_rom_shim.S.obj
 .debug_info    0x0000000000014b66       0x22 CMakeFiles/blink.dir/home/baydev/Desktop/xx/pico/pico-sdk/src/rp2_common/pico_float/float_aeabi.S.obj
 .debug_info    0x0000000000014b88      0xb44 CMakeFiles/blink.dir/home/baydev/Desktop/xx/pico/pico-sdk/src/rp2_common/pico_float/float_init_rom.c.obj
 .debug_info    0x00000000000156cc       0x22 CMakeFiles/blink.dir/home/baydev/Desktop/xx/pico/pico-sdk/src/rp2_common/pico_float/float_v1_rom_shim.S.obj
 .debug_info    0x00000000000156ee       0x22 CMakeFiles/blink.dir/home/baydev/Desktop/xx/pico/pico-sdk/src/rp2_common/pico_mem_ops/mem_ops_aeabi.S.obj
 .debug_info    0x0000000000015710       0x22 CMakeFiles/blink.dir/home/baydev/Desktop/xx/pico/pico-sdk/src/rp2_common/pico_standard_link/crt0.S.obj
 .debug_info    0x0000000000015732      0x2c6 CMakeFiles/blink.dir/home/baydev/Desktop/xx/pico/pico-sdk/src/rp2_common/pico_standard_link/binary_info.c.obj
 .debug_info    0x00000000000159f8     0x1b7b CMakeFiles/blink.dir/home/baydev/Desktop/xx/pico/pico-sdk/src/rp2_common/pico_stdio/stdio.c.obj
 .debug_info    0x0000000000017573      0xc0b CMakeFiles/blink.dir/home/baydev/Desktop/xx/pico/pico-sdk/src/rp2_common/pico_stdio_uart/stdio_uart.c.obj
 .debug_info    0x000000000001817e     0x2b94 libFreeRTOS.a(tasks.c.obj)
 .debug_info    0x000000000001ad12     0x1902 libFreeRTOS.a(timers.c.obj)
 .debug_info    0x000000000001c614      0x2d8 libFreeRTOS.a(port.c.obj)
 .debug_info    0x000000000001c8ec      0xdb4 libFreeRTOS.a(heap_4.c.obj)
 .debug_info    0x000000000001d6a0      0xb6e libFreeRTOS.a(list.c.obj)
 .debug_info    0x000000000001e20e     0x2198 libFreeRTOS.a(queue.c.obj)
 .debug_info    0x00000000000203a6       0x26 /usr/lib/gcc/arm-none-eabi/9.2.1/thumb/v6-m/nofp/libgcc.a(_dvmd_tls.o)
 .debug_info    0x00000000000203cc      0x973 /usr/lib/gcc/arm-none-eabi/9.2.1/../../../arm-none-eabi/lib/thumb/v6-m/nofp/libg.a(lib_a-strlen-stub.o)

.debug_abbrev   0x0000000000000000     0x5d00
 .debug_abbrev  0x0000000000000000      0x301 CMakeFiles/blink.dir/src/main.c.obj
 .debug_abbrev  0x0000000000000301      0x2c4 CMakeFiles/blink.dir/home/baydev/Desktop/xx/pico/pico-sdk/src/rp2_common/hardware_gpio/gpio.c.obj
 .debug_abbrev  0x00000000000005c5      0x2e9 CMakeFiles/blink.dir/home/baydev/Desktop/xx/pico/pico-sdk/src/rp2_common/hardware_claim/claim.c.obj
 .debug_abbrev  0x00000000000008ae       0xeb CMakeFiles/blink.dir/home/baydev/Desktop/xx/pico/pico-sdk/src/rp2_common/pico_platform/platform.c.obj
 .debug_abbrev  0x0000000000000999      0x21b CMakeFiles/blink.dir/home/baydev/Desktop/xx/pico/pico-sdk/src/rp2_common/hardware_sync/sync.c.obj
 .debug_abbrev  0x0000000000000bb4      0x2d8 CMakeFiles/blink.dir/home/baydev/Desktop/xx/pico/pico-sdk/src/rp2_common/hardware_uart/uart.c.obj
 .debug_abbrev  0x0000000000000e8c      0x628 CMakeFiles/blink.dir/home/baydev/Desktop/xx/pico/pico-sdk/src/common/pico_time/time.c.obj
 .debug_abbrev  0x00000000000014b4      0x3b1 CMakeFiles/blink.dir/home/baydev/Desktop/xx/pico/pico-sdk/src/rp2_common/hardware_timer/timer.c.obj
 .debug_abbrev  0x0000000000001865      0x138 CMakeFiles/blink.dir/home/baydev/Desktop/xx/pico/pico-sdk/src/common/pico_sync/lock_core.c.obj
 .debug_abbrev  0x000000000000199d      0x3aa CMakeFiles/blink.dir/home/baydev/Desktop/xx/pico/pico-sdk/src/common/pico_sync/mutex.c.obj
 .debug_abbrev  0x0000000000001d47      0x3ad CMakeFiles/blink.dir/home/baydev/Desktop/xx/pico/pico-sdk/src/common/pico_util/pheap.c.obj
 .debug_abbrev  0x00000000000020f4      0x4a1 CMakeFiles/blink.dir/home/baydev/Desktop/xx/pico/pico-sdk/src/rp2_common/pico_runtime/runtime.c.obj